[38;2;248;248;242m[48;2;62;61;50m [1m[38;2;253;151;31mmicko 0.8.0 @ e05032b[0m[38;2;248;248;242m[48;2;62;61;50m   [38;2;117;113;94mserver: [38;2;248;248;242msynthetic demo   [38;2;117;113;94mns: [38;2;248;248;242mdemo[39m                                                      [1m[38;2;39;40;34m[48;2;166;226;46m READ ONLY [0m[48;2;62;61;50m
[38;2;73;72;62m[49m╭─[39m [1m[38;2;253;151;31mCron workflows[0m [38;2;73;72;62m──────────────────────────────────────────────────────────────────────────────────────[39m [38;2;117;113;94m3 cron workflows[39m [38;2;73;72;62m─╮
│[39m Search: (none)  / to filter by name  Sort: next run, suspended last                                                      [38;2;73;72;62m│
│[39m [1m[38;2;117;113;94mNAME[0m                               [1m[38;2;117;113;94mSCHEDULE            TZ[0m              [1m[38;2;117;113;94mSUSPENDED   ACTIVE  LAST RUN   NEXT RUN  POLICY[0m   [38;2;73;72;62m│
│[39m [38;2;248;248;242m[48;2;73;72;62mdemo-etl-hourly[39m                    [38;2;248;248;242m48 * * * *[39m                          [38;2;248;248;242m● no[39m             [38;2;248;248;242m0      1h5m     in 54m  Forbid  [39m[49m [38;2;73;72;62m│
│[39m [38;2;249;38;114mdemo-cache-warmer[39m                  [38;2;249;38;114m*/10 7-19 * * 1-7[39m                   [38;2;249;38;114m● no[39m             [38;2;249;38;114m0     never          ?  Replace[39m  [38;2;73;72;62m│
│[39m [38;2;117;113;94mdemo-weekly-compaction[39m             [38;2;117;113;94m0 3 * * sun[39m                         [38;2;117;113;94m◐ yes            0       17d          -  Forbid[39m	[38;2;73;72;62m│
│[39m                                                                                                                          [38;2;73;72;62m│
│[39m                                                                                                                          [38;2;73;72;62m│
│[39m                                                                                                                          [38;2;73;72;62m│
│[39m                                                                                                                          [38;2;73;72;62m│
│[39m                                                                                                                          [38;2;73;72;62m│
│[39m                                                                                                                          [38;2;73;72;62m│
│[39m                                                                                                                          [38;2;73;72;62m│
│[39m                                                                                                                          [38;2;73;72;62m│
│[39m                                                                                                                          [38;2;73;72;62m│
│[39m                                                                                                                          [38;2;73;72;62m│
│[39m                                                                                                                          [38;2;73;72;62m│
│[39m                                                                                                                          [38;2;73;72;62m│
│[39m                                                                                                                          [38;2;73;72;62m│
│[39m                                                                                                                          [38;2;73;72;62m│
│[39m                                                                                                                          [38;2;73;72;62m│
│[39m                                                                                                                          [38;2;73;72;62m│
│[39m                                                                                                                          [38;2;73;72;62m│
│[39m                                                                                                                          [38;2;73;72;62m│
│[39m                                                                                                                          [38;2;73;72;62m│
│[39m                                                                                                                          [38;2;73;72;62m│
│[39m                                                                                                                          [38;2;73;72;62m│
│[39m                                                                                                                          [38;2;73;72;62m│
│[39m                                                                                                                          [38;2;73;72;62m│
╰──────────────────────────────────────────────────────────────────────────────────────────────────────────────────────────╯
[38;2;253;151;31mcron[38;2;117;113;94m   [38;2;253;151;31mcron workflows[39m                                                                            [1m[38;2;253;151;31m:[0m[38;2;117;113;94m command[39m  [1m[38;2;253;151;31m?[0m[38;2;117;113;94m help   3 shown
