[38;2;248;248;242m[48;2;62;61;50m [1m[38;2;253;151;31mmicko 0.8.0 @ e05032b[0m[38;2;248;248;242m[48;2;62;61;50m   [38;2;117;113;94mserver: [38;2;248;248;242msynthetic demo   [38;2;117;113;94mns: [38;2;248;248;242mdemo[39m                                                      [1m[38;2;39;40;34m[48;2;166;226;46m READ ONLY [0m[48;2;62;61;50m
[38;2;73;72;62m[49m╭─[39m [1m[38;2;253;151;31mWorkflows[0m [38;2;73;72;62m─────────────────────────────────────────────────────────────────────────────────────────[39m [38;2;117;113;94mlist: 12 workflows[39m [38;2;73;72;62m─╮
│[39m [38;2;117;113;94mSearch:[39m phase=Failed age[_]  (enter apply, esc cancel) [within 12 collected]  [38;2;117;113;94mPhase:[39m All  [38;2;230;219;116m1 awaiting resume[39m  [38;2;117;113;94mSort:[39m phas… [38;2;73;72;62m│
│[39m [1m[38;2;117;113;94m  NAME[0m                                          [1m[38;2;117;113;94mPHASE[0m              [1m[38;2;117;113;94mAGE  DURATION   PROGRESS      MESSAGE[0m			[38;2;73;72;62m│
│[39m [38;2;117;113;94mno workflows match the current filter (search is local to the collected snapshot)[39m                                        [38;2;73;72;62m│
│[39m                                                                                                                          [38;2;73;72;62m│
│[39m                                                                                                                          [38;2;73;72;62m│
│[39m                                                                                                                          [38;2;73;72;62m│
│[39m                                                                                                                          [38;2;73;72;62m│
│[39m                                                                                                                          [38;2;73;72;62m│
│[39m                                                                                                                          [38;2;73;72;62m│
│[39m                                                                                                                          [38;2;73;72;62m│
│[39m                                                                                                                          [38;2;73;72;62m│
│[39m                                                                                                                          [38;2;73;72;62m│
│[39m                                                                                                                          [38;2;73;72;62m│
│[39m                                                                                                                          [38;2;73;72;62m│
│[39m                                                                                                                          [38;2;73;72;62m│
│[39m                                                                                                                          [38;2;73;72;62m│
│[39m                                                                                                                          [38;2;73;72;62m│
│[39m                                                                                                                          [38;2;73;72;62m│
│[39m                                                                                                                          [38;2;73;72;62m│
│[39m                                                                                                                          [38;2;73;72;62m│
│[39m                                                                                                                          [38;2;73;72;62m│
│[39m                                                                                                                          [38;2;73;72;62m│
│[39m                                                                                                                          [38;2;73;72;62m│
│[39m                                                                                                                          [38;2;73;72;62m│
│[39m                                                                                                                          [38;2;73;72;62m│
│[39m                                                                                                                          [38;2;73;72;62m│
│[39m                                                                                                                          [38;2;73;72;62m│
│[39m                                                                                                                          [38;2;73;72;62m│
╰──────────────────────────────────────────────────────────────────────────────────────────────────────────────────────────╯
[38;2;253;151;31mlist[38;2;117;113;94m   [1m[38;2;253;151;31menter[0m[38;2;117;113;94m open[39m  [1m[38;2;253;151;31ml[0m[38;2;117;113;94m logs[39m  [1m[38;2;253;151;31mT[0m[38;2;117;113;94m timeline[39m  [1m[38;2;253;151;31mX[0m[38;2;117;113;94m explain[39m  [1m[38;2;253;151;31mE[0m[38;2;117;113;94m events[39m  [1m[38;2;253;151;31m/[0m[38;2;117;113;94m search[39m  [1m[38;2;253;151;31ms[0m[38;2;117;113;94m sort[39m  [1m[38;2;253;151;31mp[0m[38;2;117;113;94m phase[39m  [1m[38;2;253;151;31mspace[0m[38;2;117;113;94m ma…[39m [1m[38;2;253;151;31m:[0m[38;2;117;113;94m command[39m  [1m[38;2;253;151;31m?[0m[38;2;117;113;94m help   0 shown
