[38;2;171;178;191m[48;2;33;37;43m [1m[38;2;97;175;239mmicko 0.8.0 @ e05032b[0m[38;2;171;178;191m[48;2;33;37;43m   [38;2;92;99;112mserver: [38;2;171;178;191msynthetic demo   [38;2;92;99;112mns: [38;2;171;178;191mdemo[39m                                                      [1m[38;2;40;44;52m[48;2;152;195;121m READ ONLY [0m[48;2;33;37;43m
[38;2;75;82;99m[49m╭─[39m [1m[38;2;97;175;239mWorkflows[0m [38;2;75;82;99m─────────────────────────────────────────────────────────────────────────────────────────[39m [38;2;92;99;112mlist: 12 workflows[39m [38;2;75;82;99m─╮
│[39m [38;2;92;99;112mSearch:[39m (none)  / to filter by name  [38;2;92;99;112mPhase:[39m All  [38;2;229;192;123m1 awaiting resume[39m  [38;2;92;99;112mSort:[39m phase, newest first                            [38;2;75;82;99m│
│[39m [1m[38;2;92;99;112m  NAME[0m                                          [1m[38;2;92;99;112mPHASE[0m              [1m[38;2;92;99;112mAGE  DURATION   PROGRESS      MESSAGE[0m			[38;2;75;82;99m│
│[39m   demo-release-gate                             [38;2;229;192;123m◐ Suspended [39m  [38;2;92;99;112m     12m[39m  [38;2;92;99;112mongoing  [39m  [38;2;92;99;112m  2/2 ██████[39m                          [38;2;75;82;99m│
│[39m   demo-etl-hourly-1790000000                    [38;2;224;108;117m✗ Failed    [39m  [38;2;92;99;112m    1h5m[39m  [38;2;92;99;112m6m       [39m  [38;2;92;99;112m  2/2 ██████[39m  [38;2;92;99;112mchild 'quality-check' …[39m [38;2;75;82;99m│
│[39m [38;2;171;178;191m[48;2;62;68;81m  demo-nightly-report[39m                           [38;2;171;178;191m✗ Failed            2h  4m           5/6 █████░  child 'transform' fail…[39m[49m [38;2;75;82;99m│
│[39m   demo-oom-backfill                             [38;2;224;108;117m✗ Failed    [39m  [38;2;92;99;112m      5h[39m  [38;2;92;99;112m17m      [39m  [38;2;92;99;112m  1/1 ██████[39m  [38;2;92;99;112mchild 'backfill-2026-q…[39m [38;2;75;82;99m│
│[39m   demo-param-check                              [38;2;224;108;117m✗ Error     [39m  [38;2;92;99;112m      6h[39m  [38;2;92;99;112m0s       [39m  [38;2;92;99;112m    -       [39m  [38;2;92;99;112minvalid spec: template…[39m [38;2;75;82;99m│
│[39m   demo-train-pipeline                           [38;2;86;182;194m● Running   [39m  [38;2;92;99;112m      4m[39m  [38;2;92;99;112mongoing  [39m  [38;2;92;99;112m  3/8 ██░░░░[39m                          [38;2;75;82;99m│
│[39m   demo-data-pull                                [38;2;86;182;194m● Running   [39m  [38;2;92;99;112m     40m[39m  [38;2;92;99;112mongoing  [39m  [38;2;92;99;112m  3/5 ███░░░[39m                          [38;2;75;82;99m│
│[39m   demo-cleanup                                  [38;2;130;137;151m○ Pending   [39m  [38;2;92;99;112m      1m[39m  [38;2;92;99;112m-        [39m  [38;2;92;99;112m    -       [39m                          [38;2;75;82;99m│
│[39m   demo-hello-world                              [38;2;152;195;121m✓ Succeeded [39m  [38;2;92;99;112m     26m[39m  [38;2;92;99;112m4m       [39m  [38;2;92;99;112m  1/1 ██████[39m                          [38;2;75;82;99m│
│[39m   demo-etl-hourly-1789996400                    [38;2;152;195;121m✓ Succeeded [39m  [38;2;92;99;112m    2h5m[39m  [38;2;92;99;112m6m       [39m  [38;2;92;99;112m  2/2 ██████[39m                          [38;2;75;82;99m│
│[39m   demo-deploy-multi-layer                       [38;2;152;195;121m✓ Succeeded [39m  [38;2;92;99;112m      3h[39m  [38;2;92;99;112m11m      [39m  [38;2;92;99;112m  5/5 ██████[39m                          [38;2;75;82;99m│
│[39m   demo-etl-hourly-1789992800                    [38;2;152;195;121m✓ Succeeded [39m  [38;2;92;99;112m    3h5m[39m  [38;2;92;99;112m6m       [39m  [38;2;92;99;112m  2/2 ██████[39m                          [38;2;75;82;99m│
│[39m                                                                                                                          [38;2;75;82;99m│
│[39m                                                                                                                          [38;2;75;82;99m│
│[39m                                                                                                                          [38;2;75;82;99m│
│[39m                                                                                                                          [38;2;75;82;99m│
│[39m                                                                                                                          [38;2;75;82;99m│
│[39m                                                                                                                          [38;2;75;82;99m│
│[39m                                                                                                                          [38;2;75;82;99m│
│[39m                                                                                                                          [38;2;75;82;99m│
│[39m                                                                                                                          [38;2;75;82;99m│
│[39m                                                                                                                          [38;2;75;82;99m│
│[39m                                                                                                                          [38;2;75;82;99m│
│[39m                                                                                                                          [38;2;75;82;99m│
│[39m                                                                                                                          [38;2;75;82;99m│
│[39m                                                                                                                          [38;2;75;82;99m│
╰──────────────────────────────────────────────────────────────────────────────────────────────────────────────────────────╯
[38;2;97;175;239mlist[38;2;92;99;112m   [1m[38;2;97;175;239menter[0m[38;2;92;99;112m open[39m  [1m[38;2;97;175;239ml[0m[38;2;92;99;112m logs[39m  [1m[38;2;97;175;239mT[0m[38;2;92;99;112m timeline[39m  [1m[38;2;97;175;239mX[0m[38;2;92;99;112m explain[39m  [1m[38;2;97;175;239mE[0m[38;2;92;99;112m events[39m  [1m[38;2;97;175;239m/[0m[38;2;92;99;112m search[39m  [1m[38;2;97;175;239ms[0m[38;2;92;99;112m sort[39m  [1m[38;2;97;175;239mp[0m[38;2;92;99;112m phase[39m  [1m[38;2;97;175;239mspace[0m[38;2;92;99;112m m…[39m [1m[38;2;97;175;239m:[0m[38;2;92;99;112m command[39m  [1m[38;2;97;175;239m?[0m[38;2;92;99;112m help   12 shown
