[38;2;248;248;242m[48;2;68;71;90m [1m[38;2;189;147;249mmicko 0.8.0 @ e05032b[0m[38;2;248;248;242m[48;2;68;71;90m   [38;2;98;114;164mserver: [38;2;248;248;242msynthetic demo   [38;2;98;114;164mns: [38;2;248;248;242mdemo[39m                                                      [1m[38;2;40;42;54m[48;2;80;250;123m READ ONLY [0m[48;2;68;71;90m
[38;2;68;71;90m[49m╭─[39m [1m[38;2;189;147;249mWorkflows[0m [38;2;68;71;90m─────────────────────────────────────────────────────────────────────────────────────────[39m [38;2;98;114;164mlist: 12 workflows[39m [38;2;68;71;90m─╮
│[39m [38;2;98;114;164mSearch:[39m (none)  / to filter by name  [38;2;98;114;164mPhase:[39m All  [38;2;241;250;140m1 awaiting resume[39m  [38;2;98;114;164mSort:[39m phase, newest first                            [38;2;68;71;90m│
│[39m [1m[38;2;98;114;164m  NAME[0m                                          [1m[38;2;98;114;164mPHASE[0m              [1m[38;2;98;114;164mAGE  DURATION   PROGRESS      MESSAGE[0m			[38;2;68;71;90m│
│[39m   demo-release-gate                             [38;2;241;250;140m◐ Suspended [39m  [38;2;98;114;164m     12m[39m  [38;2;98;114;164mongoing  [39m  [38;2;98;114;164m  2/2 ██████[39m                          [38;2;68;71;90m│
│[39m   demo-etl-hourly-1790000000                    [38;2;255;85;85m✗ Failed    [39m  [38;2;98;114;164m    1h5m[39m  [38;2;98;114;164m6m       [39m  [38;2;98;114;164m  2/2 ██████[39m  [38;2;98;114;164mchild 'quality-check' …[39m [38;2;68;71;90m│
│[39m [38;2;248;248;242m[48;2;68;71;90m  demo-nightly-report[39m                           [38;2;248;248;242m✗ Failed            2h  4m           5/6 █████░  child 'transform' fail…[39m[49m [38;2;68;71;90m│
│[39m   demo-oom-backfill                             [38;2;255;85;85m✗ Failed    [39m  [38;2;98;114;164m      5h[39m  [38;2;98;114;164m17m      [39m  [38;2;98;114;164m  1/1 ██████[39m  [38;2;98;114;164mchild 'backfill-2026-q…[39m [38;2;68;71;90m│
│[39m   demo-param-check                              [38;2;255;85;85m✗ Error     [39m  [38;2;98;114;164m      6h[39m  [38;2;98;114;164m0s       [39m  [38;2;98;114;164m    -       [39m  [38;2;98;114;164minvalid spec: template…[39m [38;2;68;71;90m│
│[39m   demo-train-pipeline                           [38;2;139;233;253m● Running   [39m  [38;2;98;114;164m      4m[39m  [38;2;98;114;164mongoing  [39m  [38;2;98;114;164m  3/8 ██░░░░[39m                          [38;2;68;71;90m│
│[39m   demo-data-pull                                [38;2;139;233;253m● Running   [39m  [38;2;98;114;164m     40m[39m  [38;2;98;114;164mongoing  [39m  [38;2;98;114;164m  3/5 ███░░░[39m                          [38;2;68;71;90m│
│[39m   demo-cleanup                                  [38;2;248;248;242m○ Pending   [39m  [38;2;98;114;164m      1m[39m  [38;2;98;114;164m-        [39m  [38;2;98;114;164m    -       [39m                          [38;2;68;71;90m│
│[39m   demo-hello-world                              [38;2;80;250;123m✓ Succeeded [39m  [38;2;98;114;164m     26m[39m  [38;2;98;114;164m4m       [39m  [38;2;98;114;164m  1/1 ██████[39m                          [38;2;68;71;90m│
│[39m   demo-etl-hourly-1789996400                    [38;2;80;250;123m✓ Succeeded [39m  [38;2;98;114;164m    2h5m[39m  [38;2;98;114;164m6m       [39m  [38;2;98;114;164m  2/2 ██████[39m                          [38;2;68;71;90m│
│[39m   demo-deploy-multi-layer                       [38;2;80;250;123m✓ Succeeded [39m  [38;2;98;114;164m      3h[39m  [38;2;98;114;164m11m      [39m  [38;2;98;114;164m  5/5 ██████[39m                          [38;2;68;71;90m│
│[39m   demo-etl-hourly-1789992800                    [38;2;80;250;123m✓ Succeeded [39m  [38;2;98;114;164m    3h5m[39m  [38;2;98;114;164m6m       [39m  [38;2;98;114;164m  2/2 ██████[39m                          [38;2;68;71;90m│
│[39m                                                                                                                          [38;2;68;71;90m│
│[39m                                                                                                                          [38;2;68;71;90m│
│[39m                                                                                                                          [38;2;68;71;90m│
│[39m                                                                                                                          [38;2;68;71;90m│
│[39m                                                                                                                          [38;2;68;71;90m│
│[39m                                                                                                                          [38;2;68;71;90m│
│[39m                                                                                                                          [38;2;68;71;90m│
│[39m                                                                                                                          [38;2;68;71;90m│
│[39m                                                                                                                          [38;2;68;71;90m│
│[39m                                                                                                                          [38;2;68;71;90m│
│[39m                                                                                                                          [38;2;68;71;90m│
│[39m                                                                                                                          [38;2;68;71;90m│
│[39m                                                                                                                          [38;2;68;71;90m│
│[39m                                                                                                                          [38;2;68;71;90m│
╰──────────────────────────────────────────────────────────────────────────────────────────────────────────────────────────╯
[38;2;189;147;249mlist[38;2;98;114;164m   [1m[38;2;189;147;249menter[0m[38;2;98;114;164m open[39m  [1m[38;2;189;147;249ml[0m[38;2;98;114;164m logs[39m  [1m[38;2;189;147;249mT[0m[38;2;98;114;164m timeline[39m  [1m[38;2;189;147;249mX[0m[38;2;98;114;164m explain[39m  [1m[38;2;189;147;249mE[0m[38;2;98;114;164m events[39m  [1m[38;2;189;147;249m/[0m[38;2;98;114;164m search[39m  [1m[38;2;189;147;249ms[0m[38;2;98;114;164m sort[39m  [1m[38;2;189;147;249mp[0m[38;2;98;114;164m phase[39m  [1m[38;2;189;147;249mspace[0m[38;2;98;114;164m m…[39m [1m[38;2;189;147;249m:[0m[38;2;98;114;164m command[39m  [1m[38;2;189;147;249m?[0m[38;2;98;114;164m help   12 shown
