[38;2;248;248;242m[48;2;62;61;50m [1m[38;2;253;151;31mmicko 0.6.0 @ 534e53f[0m[38;2;248;248;242m[48;2;62;61;50m   [38;2;117;113;94mserver: [38;2;248;248;242msynthetic demo   [38;2;117;113;94mns: [38;2;248;248;242mdemo[39m                                                      [1m[38;2;39;40;34m[48;2;166;226;46m READ ONLY [0m[48;2;62;61;50m
[38;2;73;72;62m[49m╭─[39m [1m[38;2;253;151;31mCron workflows[0m [38;2;73;72;62m──────────────────────────────────────────────────────────────────────────────────────[39m [38;2;117;113;94m3 cron workflows[39m [38;2;73;72;62m─╮
│[39m Search: (none)  / to filter by name  Sort: next run, suspended last  values shown (v redacts)                            [38;2;73;72;62m│
│[39m [1m[38;2;117;113;94mNAME[0m                               [1m[38;2;117;113;94mSCHEDULE            TZ[0m              [1m[38;2;117;113;94mSUSPENDED   ACTIVE  LAST RUN   NEXT RUN  POLICY[0m   [38;2;73;72;62m│
│[39m [38;2;248;248;242m[48;2;73;72;62mdemo-etl-hourly[39m                    [38;2;248;248;242m34 * * * *[39m                          [38;2;248;248;242m● no[39m             [38;2;248;248;242m0      1h5m     in 54m  Forbid  [39m[49m [38;2;73;72;62m│
│[39m [38;2;249;38;114mdemo-cache-warmer[39m                  [38;2;249;38;114m*/10 7-19 * * 1-7[39m                   [38;2;249;38;114m● no[39m             [38;2;249;38;114m0     never          ?  Replace[39m  [38;2;73;72;62m│
│[39m [38;2;117;113;94mdemo-weekly-compaction[39m             [38;2;117;113;94m0 3 * * sun[39m                         [38;2;117;113;94m◐ yes            0       17d          -  Forbid[39m   [38;2;73;72;62m│
│[39m                                                                                                                          [38;2;73;72;62m│
│[39m                                                                                                                          [38;2;73;72;62m│
│[39m                                                                                                                          [38;2;73;72;62m│
│[39m                                                                                                                          [38;2;73;72;62m│
│[39m                                                                                                                          [38;2;73;72;62m│
│[39m                                                                                                                          [38;2;73;72;62m│
│[39m                                                                                                                          [38;2;73;72;62m│
│[39m                                                                                                                          [38;2;73;72;62m│
│[39m                                                                                                                          [38;2;73;72;62m│
│[39m                                                                                                                          [38;2;73;72;62m│
│[39m                                                                                                                          [38;2;73;72;62m│
│[39m                                                                                                                          [38;2;73;72;62m│
│[39m [38;2;73;72;62m────────────────────────────────────────────────────────────────────────────────────────────────────────────────────────[39m [38;2;73;72;62m│
│[39m [38;2;117;113;94mSchedule   [39m  34 * * * *                                   [38;2;73;72;62m │ [38;2;117;113;94mHistory   [39m  keeps 3 succeeded, 3 failed                     [38;2;73;72;62m│
│[39m [38;2;117;113;94mTimezone   [39m  not set: the controller's local time (UTC    [38;2;73;72;62m │ [38;2;117;113;94mSuspended [39m  no                                              [38;2;73;72;62m│
│[39m [38;2;117;113;94m           [39m  unless it sets TZ)                           [38;2;73;72;62m │ [38;2;117;113;94mPhase     [39m  Active                                          [38;2;73;72;62m│
│[39m [38;2;117;113;94mNext runs  [39m  Mon 2026-09-28 17:34 UTC (in 54m)            [38;2;73;72;62m │ [38;2;117;113;94mLast run  [39m  Mon 2026-09-28 15:34 UTC (1h5m ago)             [38;2;73;72;62m│
│[39m [38;2;117;113;94m           [39m  Mon 2026-09-28 18:34 UTC (in 1h54m)          [38;2;73;72;62m │ [38;2;117;113;94mFinished  [39m  2 succeeded, 1 failed                           [38;2;73;72;62m│
│[39m [38;2;117;113;94m           [39m  Mon 2026-09-28 19:34 UTC (in 2h54m)          [38;2;73;72;62m │ [38;2;117;113;94mActive    [39m  none                                            [38;2;73;72;62m│
│[39m [38;2;117;113;94m           [39m  Mon 2026-09-28 20:34 UTC (in 3h54m)          [38;2;73;72;62m │ [38;2;117;113;94mEntrypoint[39m  etl                                             [38;2;73;72;62m│
│[39m [38;2;117;113;94m           [39m  Mon 2026-09-28 21:34 UTC (in 4h54m)          [38;2;73;72;62m │ [38;2;117;113;94mArguments [39m  source = warehouse                              [38;2;73;72;62m│
│[39m [38;2;117;113;94mConcurrency[39m  Forbid                                       [38;2;73;72;62m │ [38;2;117;113;94m          [39m  window = 1h                                     [38;2;73;72;62m│
│[39m [38;2;117;113;94mDeadline   [39m  a missed run may start up to 120s late       [38;2;73;72;62m │ [38;2;117;113;94m          [39m  api-token = demo-token-not-a-real-secret        [38;2;73;72;62m│
╰──────────────────────────────────────────────────────────────────────────────────────────────────────────────────────────╯
[38;2;253;151;31mcron[38;2;117;113;94m   [1m[38;2;253;151;31menter[0m[38;2;117;113;94m workflows[39m  [1m[38;2;253;151;31mi[0m[38;2;117;113;94m info[39m  [1m[38;2;253;151;31m/[0m[38;2;117;113;94m search[39m  [1m[38;2;253;151;31ms[0m[38;2;117;113;94m sort[39m  [1m[38;2;253;151;31mv[0m[38;2;117;113;94m redact[39m  [1m[38;2;253;151;31mn[0m[38;2;117;113;94m namespace[39m  [1m[38;2;253;151;31m0[0m[38;2;117;113;94m all ns[39m  [1m[38;2;253;151;31mr[0m[38;2;117;113;94m refresh[39m  [1m[38;2;253;151;31mf[0m[38;2;117;113;94m…[39m [1m[38;2;253;151;31m:[0m[38;2;117;113;94m command[39m  [1m[38;2;253;151;31m?[0m[38;2;117;113;94m help   3 shown
