[38;2;248;248;242m[48;2;62;61;50m [1m[38;2;253;151;31mmicko 0.6.0 @ 534e53f[0m[38;2;248;248;242m[48;2;62;61;50m   [38;2;117;113;94mserver: [38;2;248;248;242msynthetic demo   [38;2;117;113;94mns: [38;2;248;248;242mdemo[39m                                                      [1m[38;2;39;40;34m[48;2;166;226;46m READ ONLY [0m[48;2;62;61;50m
[38;2;73;72;62m[49m╭─[39m [1m[38;2;253;151;31mDetail demo-etl-hourly-1790000000[0m [38;2;73;72;62m───────────────────────────────────[39m [38;2;117;113;94mworkflow demo-etl-hourly-1790000000 phase=Failed[39m [38;2;73;72;62m─╮
│[39m [38;2;117;113;94m Summary [39m [38;2;117;113;94m Nodes [39m [38;2;117;113;94m Timeline [39m [1;4m[38;2;253;151;31m[Explain][0m [38;2;117;113;94m Events [39m [38;2;117;113;94m Resource [39m                                                               [38;2;73;72;62m│
│[39m [38;2;117;113;94mexplain · 1 error[39m                                                                                                        [38;2;73;72;62m│
│[39m [1m[38;2;249;38;114m✗ ERROR[0m  [1m[38;2;253;151;31mquality-check failed: exit code 2[0m                                                                               [38;2;73;72;62m│
│[39m [1m[38;2;249;38;114m│ [0m[38;2;117;113;94mnode      [38;2;248;248;242mquality-check · Pod · template quality-check[39m                                                                 [38;2;73;72;62m│
│[39m [1m[38;2;249;38;114m│ [0m[38;2;117;113;94mpath      [38;2;248;248;242mdemo-etl-hourly-1790000000 › quality-check[39m                                                                   [38;2;73;72;62m│
│[39m [1m[38;2;249;38;114m│ [0m[38;2;117;113;94mwhen      [38;2;248;248;242mfailed 6m05s into the run, after running 2m00s[39m                                                               [38;2;73;72;62m│
│[39m [1m[38;2;249;38;114m│ [0m[38;2;117;113;94mexit code [38;2;248;248;242m2: a usage error or a failed check (many CLIs and test tools exit 2 for either)[39m                              [38;2;73;72;62m│
│[39m [1m[38;2;249;38;114m│ [0m[38;2;117;113;94mmessage   [38;2;248;248;242mError (exit code 2)[39m                                                                                          [38;2;73;72;62m│
│[39m [1m[38;2;249;38;114m│ [0m[38;2;117;113;94mpod       [38;2;248;248;242mdemo-etl-hourly-1790000000-quality-check-430028541 on demo-worker-2[39m                                          [38;2;73;72;62m│
│[39m [1m[38;2;249;38;114m│ [0m[38;2;117;113;94mlog       [38;2;248;248;242mpicked from the last 3 lines of quality-check's log (container main)[39m                                         [38;2;73;72;62m│
│[39m [1m[38;2;249;38;114m│ [0m          [38;2;117;113;94m  1  [38;2;248;248;242m2026-09-28T15:37:43Z checking 6 expectations[39m                                                            [38;2;73;72;62m│
│[39m [1m[38;2;249;38;114m│ [0m          [1m[38;2;249;38;114m> [0m[38;2;117;113;94m2  [38;2;248;248;242m2026-09-28T15:37:46Z FAIL expect_row_count_between(1e5, 5e5): got 41210[39m                                 [38;2;73;72;62m│
│[39m [1m[38;2;249;38;114m│ [0m          [1m[38;2;249;38;114m> [0m[38;2;117;113;94m3  [38;2;248;248;242m2026-09-28T15:37:49Z 1 of 6 expectations failed[39m                                                         [38;2;73;72;62m│
│[39m [1m[38;2;249;38;114m│ [0m[38;2;253;151;31mnext      [38;2;248;248;242mCheck the command's arguments and inputs, and the log for the check that failed. Then retry the workflow (a,[39m [38;2;73;72;62m│
│[39m [1m[38;2;249;38;114m│ [0m[38;2;253;151;31m          [38;2;248;248;242mr) to rerun only what failed.[39m                                                                                [38;2;73;72;62m│
│[39m                                                                                                                          [38;2;73;72;62m│
│[39m                                                                                                                          [38;2;73;72;62m│
│[39m                                                                                                                          [38;2;73;72;62m│
│[39m                                                                                                                          [38;2;73;72;62m│
│[39m                                                                                                                          [38;2;73;72;62m│
│[39m                                                                                                                          [38;2;73;72;62m│
│[39m                                                                                                                          [38;2;73;72;62m│
│[39m                                                                                                                          [38;2;73;72;62m│
│[39m                                                                                                                          [38;2;73;72;62m│
│[39m                                                                                                                          [38;2;73;72;62m│
│[39m                                                                                                                          [38;2;73;72;62m│
│[39m                                                                                                                          [38;2;73;72;62m│
│[39m                                                                                                                          [38;2;73;72;62m│
╰──────────────────────────────────────────────────────────────────────────────────────────────────────────────────────────╯
[38;2;253;151;31mdetail[38;2;117;113;94m   [1m[38;2;253;151;31mtab[0m[38;2;117;113;94m section[39m  [1m[38;2;253;151;31m1-9[0m[38;2;117;113;94m jump[39m  [1m[38;2;253;151;31mj/k[0m[38;2;117;113;94m scroll[39m  [1m[38;2;253;151;31my[0m[38;2;117;113;94m copy report[39m  [1m[38;2;253;151;31ml[0m[38;2;117;113;94m failing log[39m  [1m[38;2;253;151;31mv[0m[38;2;117;113;94m reveal[39m  [1m[38;2;253;151;31ma[0m[38;2;117;113;94m actions[39m … [1m[38;2;253;151;31m:[0m[38;2;117;113;94m command[39m  [1m[38;2;253;151;31m?[0m[38;2;117;113;94m help   ✗ Failed
