[38;2;248;248;242m[48;2;62;61;50m [1m[38;2;253;151;31mmicko 0.6.0 @ 534e53f[0m[38;2;248;248;242m[48;2;62;61;50m   [38;2;117;113;94mserver: [38;2;248;248;242msynthetic demo   [38;2;117;113;94mns: [38;2;248;248;242mdemo[39m                                                      [1m[38;2;39;40;34m[48;2;166;226;46m READ ONLY [0m[48;2;62;61;50m
[38;2;73;72;62m[49m╭─[39m [1m[38;2;253;151;31mDetail demo-nightly-report[0m [38;2;73;72;62m─────────────────────────────────────────────────[39m [38;2;117;113;94mworkflow demo-nightly-report phase=Failed[39m [38;2;73;72;62m─╮
│[39m [38;2;117;113;94m Summary [39m [38;2;117;113;94m Nodes [39m [1;4m[38;2;253;151;31m[Timeline][0m [38;2;117;113;94m Explain [39m [38;2;117;113;94m Events [39m [38;2;117;113;94m Resource [39m                                                               [38;2;73;72;62m│
│[39m [38;2;117;113;94m8 rows · 1/8 · ◆ critical path: the 4 nodes that set the end time[39m                                                        [38;2;73;72;62m│
│[39m [1m[38;2;117;113;94mNAME[0m                         [1m[38;2;117;113;94mDURATION[0m   [38;2;117;113;94m0         30s       1m        1m30s     2m        2m30s     3m             4m00s[39m [38;2;73;72;62m│
│[39m [38;2;248;248;242m[48;2;73;72;62m▾ ✗ demo-nightly-report DAG     4m00s   ├──────────────────────────────────────────────────────────────────────────────┤[39m[49m [38;2;73;72;62m│
│[39m [38;2;73;72;62m├─ [38;2;166;226;46m✓ [38;2;253;151;31mextract[39m                 [38;2;117;113;94m     50s[39m [38;2;253;151;31m◆[39m [38;2;73;72;62m░[38;2;166;226;46m▕████████████████▍[38;2;73;72;62m·····························································[39m [38;2;73;72;62m│
│[39m [38;2;73;72;62m├▾ [38;2;249;38;114m✗ [38;2;117;113;94mtransform[39m [38;2;117;113;94mRetry[39m         [38;2;117;113;94m   2m30s[39m                     [38;2;73;72;62m░░├────────────────────────────────────────────────┤[39m           [38;2;73;72;62m│
│[39m [38;2;73;72;62m│  ├─ [38;2;249;38;114m✗ [38;2;253;151;31mtransform(0)[39m         [38;2;117;113;94m     40s[39m [38;2;253;151;31m◆[39m [38;2;73;72;62m····················[38;2;249;38;114m█████████████▍[38;2;73;72;62m··············································[39m [38;2;73;72;62m│
│[39m [38;2;73;72;62m│  ├─ [38;2;249;38;114m✗ [38;2;253;151;31mtransform(1)[39m         [38;2;117;113;94m     45s[39m [38;2;253;151;31m◆[39m [38;2;73;72;62m·································░░░░[38;2;249;38;114m▐██████████████▍[38;2;73;72;62m···························[39m [38;2;73;72;62m│
│[39m [38;2;73;72;62m│  └─ [38;2;249;38;114m✗ [38;2;253;151;31mtransform(2)[39m         [38;2;117;113;94m     50s[39m [38;2;253;151;31m◆[39m [38;2;73;72;62m····················································░░[38;2;249;38;114m▕████████████████▍[38;2;73;72;62m········[39m [38;2;73;72;62m│
│[39m [38;2;73;72;62m└─ [38;2;117;113;94m⊘ [38;2;248;248;242mload[39m                    [38;2;117;113;94m        [39m   [38;2;73;72;62m················································································[39m [38;2;73;72;62m│
│[39m [38;2;73;72;62m  [38;2;166;226;46m✓ [38;2;248;248;242monExit[39m [38;2;117;113;94mexit handler[39m      [38;2;117;113;94m     20s[39m   [38;2;73;72;62m·······································································[38;2;166;226;46m▕██████▍[38;2;73;72;62m·[39m [38;2;73;72;62m│
│[39m                                                                                                                          [38;2;73;72;62m│
│[39m                                                                                                                          [38;2;73;72;62m│
│[39m                                                                                                                          [38;2;73;72;62m│
│[39m                                                                                                                          [38;2;73;72;62m│
│[39m                                                                                                                          [38;2;73;72;62m│
│[39m                                                                                                                          [38;2;73;72;62m│
│[39m                                                                                                                          [38;2;73;72;62m│
│[39m                                                                                                                          [38;2;73;72;62m│
│[39m                                                                                                                          [38;2;73;72;62m│
│[39m                                                                                                                          [38;2;73;72;62m│
│[39m                                                                                                                          [38;2;73;72;62m│
│[39m                                                                                                                          [38;2;73;72;62m│
│[39m                                                                                                                          [38;2;73;72;62m│
│[39m                                                                                                                          [38;2;73;72;62m│
│[39m                                                                                                                          [38;2;73;72;62m│
│[39m                                                                                                                          [38;2;73;72;62m│
│[39m                                                                                                                          [38;2;73;72;62m│
╰──────────────────────────────────────────────────────────────────────────────────────────────────────────────────────────╯
[38;2;253;151;31mdetail[38;2;117;113;94m   [1m[38;2;253;151;31mtab[0m[38;2;117;113;94m section[39m  [1m[38;2;253;151;31m1-9[0m[38;2;117;113;94m jump[39m  [1m[38;2;253;151;31mspace[0m[38;2;117;113;94m fold[39m  [1m[38;2;253;151;31mi[0m[38;2;117;113;94m info[39m  [1m[38;2;253;151;31ml[0m[38;2;117;113;94m logs[39m  [1m[38;2;253;151;31ma[0m[38;2;117;113;94m actions[39m  [1m[38;2;253;151;31mr[0m[38;2;117;113;94m refresh[39m  [1m[38;2;253;151;31mf[0m[38;2;117;113;94m raw[39m  [1m[38;2;253;151;31mesc[0m[38;2;117;113;94m b…[39m [1m[38;2;253;151;31m:[0m[38;2;117;113;94m command[39m  [1m[38;2;253;151;31m?[0m[38;2;117;113;94m help   ✗ Failed
