micko   server: fixture   ns: all                                                          READ ONLY
┌─ Workflows ──────────────────────────────────────────────────────────────────────────────────────┐
│ Search: (none)  / to filter by namespace/name  Phase: All  Sort: phase, newest first             │
│   NAMESPACE  NAME                          PHASE              AGE  DURATION   MESSAGE            │
│ no workflows in any namespace this token can read                                                │
│                                                                                                  │
│                                                                                                  │
│                                                                                                  │
│                                                                                                  │
│                                                                                                  │
│                                                                                                  │
│                                                                                                  │
└──────────────────────────────────────────────────────────────────────────────────────────────────┘
list   enter open  l logs  T timeline  X explain  E events  / search  s sort  p ph… ? help   0 shown