WORKFLOWS
Search: (none)  / to filter by name  Phase: All  Sort: phase, newest first
  NAME                          PHASE              AGE  DURATION   MESSAGE
no workflows in this namespace yet

enter open  l logs  T timeline  X explain  E events  / search  s sort  p phase  space mark  a actions  n namespace  0 all ns  r refresh  w wide  ? help