micko   server: fixture   ns: ns                                                           READ ONLY
┌─ Workflows ──────────────────────────────────────────────────────────────────────────────────────┐
│ Search: (none)  / to filter by name  Phase: All  Sort: phase, newest first  forbidden: workflow… │
│   NAME                          PHASE              AGE  DURATION   MESSAGE                       │
│ no workflows visible: list forbidden (workflows list forbidden)                                  │
│                                                                                                  │
│                                                                                                  │
│                                                                                                  │
│                                                                                                  │
│                                                                                                  │
│                                                                                                  │
│                                                                                                  │
└──────────────────────────────────────────────────────────────────────────────────────────────────┘
list   enter open  l logs  T timeline  X explain  E events  / search  s sort  p ph… ? help   0 shown