micko   server: fixture   ns: ns                                                                               READ ONLY
┌─ Workflows ──────────────────────────────────────────────────────────────────────────────────────────────────────────┐
│ ◆ 3 marked (1 hidden by filter)  Search: phase=Failed & tmpl=nightly-report|cron=demo-etl-hourly [within 12 collect… │
│   NAME                                          PHASE              AGE  DURATION   MESSAGE                           │
│ ◆ demo-etl-hourly-1790000000                    ✗ Failed          1h5m  6m         child 'quality-check' failed      │
│ ◆ demo-nightly-report                           ✗ Failed            2h  4m         child 'transform' failed          │
│                                                                                                                      │
│                                                                                                                      │
│                                                                                                                      │
│                                                                                                                      │
└──────────────────────────────────────────────────────────────────────────────────────────────────────────────────────┘
list   enter open  l logs  T timeline  X explain  E events  / search  s sort  p phase  space mark  a a… ? help   2 shown