WORKFLOWS
Search: (none)  / to filter by name [within 6 collected]  Phase: Failed  Sort: phase, newest first
  NAME                          PHASE              AGE  DURATION   MESSAGE
  fixture-wf-0003               ✗ Failed            3m  -          synthetic fa…

enter open  l logs  / search  s sort  p phase  space mark  a actions  n namespace  r refresh  w wide  ? help