WORKFLOWS
Search: (none)  / to filter by name [within 6 collected]  Phase: Failed  Sort: phase, newest first
NAME                            PHASE              AGE  DURATION 
fixture-wf-0003                 ✗ Failed            3m  -        

enter open  l logs  / search  s sort  p phase  r refresh  ? help