logs: wf-1
Scope: workflow-wide · container: main · [FOLLOWING]
pod: []  container: [main]  (enter apply, esc cancel)
retained: 1/10000 lines (0 evicted)
── (all pods):main ── 1 line recorded
pod-1            buffered while editing
t follow  space pause  / search  n next  & only matches  w wrap  L labels  c container  | pipe  esc back