Logs wf-1
Scope: workflow-wide · container: main · [FOLLOWING]
retained: 2/10000 lines (0 evicted)
── (all pods):main ── 2 lines recorded
pod-1            one
pod-1            日本語 ünïcode ✓
t follow  space pause  / search  n next  & only matches  w wrap  L labels  c container  | pipe  esc back
FOLLOWING · follow