logs: wf-1
Scope: workflow-wide · container: main · [ERROR] — pod logs unavailable: pod deleted (log source gone)
retained: 1/10000 lines (0 evicted)
── (all pods):main ── 1 line recorded
partial output before failure
t follow  space pause  / search  n next  c container  | pipe  f raw  y copy  esc back