[38;2;60;56;54m[48;2;235;219;178m [1m[38;2;66;123;88mmicko 0.6.0 @ 534e53f[0m[38;2;60;56;54m[48;2;235;219;178m   [38;2;146;131;116mserver: [38;2;60;56;54msynthetic demo   [38;2;146;131;116mns: [38;2;60;56;54mall  [39m                                                     [1m[38;2;251;241;199m[48;2;121;116;14m READ ONLY [0m[48;2;235;219;178m
[38;2;189;174;147m[49m╭─[39m [1m[38;2;66;123;88mWorkflows[0m [38;2;189;174;147m─────────────────────────────────────────────────────────────────────────[39m [38;2;146;131;116mlist: 14 workflows in 2 namespaces[39m [38;2;189;174;147m─╮
│[39m [38;2;146;131;116mSearch:[39m (none)  / to filter by namespace/name  [38;2;146;131;116mPhase:[39m All  [38;2;181;118;20m1 awaiting resume[39m  [38;2;146;131;116mSort:[39m phase, newest first                  [38;2;189;174;147m│
│[39m [1m[38;2;146;131;116m  NAMESPACE  NAME[0m                                          [1m[38;2;146;131;116mPHASE[0m              [1m[38;2;146;131;116mAGE  DURATION   PROGRESS      MESSAGE[0m      [38;2;189;174;147m│
│[39m [38;2;60;56;54m[48;2;213;196;161m  demo       demo-release-gate[39m                             [38;2;60;56;54m◐ Suspended        12m  ongoing      2/2 ██████[39m              [49m [38;2;189;174;147m│
│[39m   demo       demo-etl-hourly-1790000000                    [38;2;157;0;6m✗ Failed    [39m  [38;2;146;131;116m    1h5m[39m  [38;2;146;131;116m6m       [39m  [38;2;146;131;116m  2/2 ██████[39m  [38;2;146;131;116mchild 'qual…[39m [38;2;189;174;147m│
│[39m   demo       demo-nightly-report                           [38;2;157;0;6m✗ Failed    [39m  [38;2;146;131;116m      2h[39m  [38;2;146;131;116m4m       [39m  [38;2;146;131;116m  5/6 █████░[39m  [38;2;146;131;116mchild 'tran…[39m [38;2;189;174;147m│
│[39m   demo       demo-oom-backfill                             [38;2;157;0;6m✗ Failed    [39m  [38;2;146;131;116m      5h[39m  [38;2;146;131;116m17m      [39m  [38;2;146;131;116m  1/1 ██████[39m  [38;2;146;131;116mchild 'back…[39m [38;2;189;174;147m│
│[39m   demo       demo-param-check                              [38;2;157;0;6m✗ Error     [39m  [38;2;146;131;116m      6h[39m  [38;2;146;131;116m0s       [39m  [38;2;146;131;116m    -       [39m  [38;2;146;131;116minvalid spe…[39m [38;2;189;174;147m│
│[39m   demo       demo-train-pipeline                           [38;2;7;102;120m● Running   [39m  [38;2;146;131;116m      4m[39m  [38;2;146;131;116mongoing  [39m  [38;2;146;131;116m  3/8 ██░░░░[39m               [38;2;189;174;147m│
│[39m   demo-ml    demo-ml-hparam-sweep                          [38;2;7;102;120m● Running   [39m  [38;2;146;131;116m     18m[39m  [38;2;146;131;116mongoing  [39m  [38;2;146;131;116m  2/4 ███░░░[39m               [38;2;189;174;147m│
│[39m   demo       demo-data-pull                                [38;2;7;102;120m● Running   [39m  [38;2;146;131;116m     40m[39m  [38;2;146;131;116mongoing  [39m  [38;2;146;131;116m  3/5 ███░░░[39m               [38;2;189;174;147m│
│[39m   demo       demo-cleanup                                  [38;2;124;111;100m○ Pending   [39m  [38;2;146;131;116m      1m[39m  [38;2;146;131;116m-        [39m  [38;2;146;131;116m    -       [39m               [38;2;189;174;147m│
│[39m   demo       demo-hello-world                              [38;2;121;116;14m✓ Succeeded [39m  [38;2;146;131;116m     26m[39m  [38;2;146;131;116m4m       [39m  [38;2;146;131;116m  1/1 ██████[39m               [38;2;189;174;147m│
│[39m   demo       demo-etl-hourly-1789996400                    [38;2;121;116;14m✓ Succeeded [39m  [38;2;146;131;116m    2h5m[39m  [38;2;146;131;116m6m       [39m  [38;2;146;131;116m  2/2 ██████[39m               [38;2;189;174;147m│
│[39m   demo       demo-deploy-multi-layer                       [38;2;121;116;14m✓ Succeeded [39m  [38;2;146;131;116m      3h[39m  [38;2;146;131;116m11m      [39m  [38;2;146;131;116m  5/5 ██████[39m               [38;2;189;174;147m│
│[39m   demo       demo-etl-hourly-1789992800                    [38;2;121;116;14m✓ Succeeded [39m  [38;2;146;131;116m    3h5m[39m  [38;2;146;131;116m6m       [39m  [38;2;146;131;116m  2/2 ██████[39m               [38;2;189;174;147m│
│[39m   demo-ml    demo-ml-batch-infer                           [38;2;121;116;14m✓ Succeeded [39m  [38;2;146;131;116m      7h[39m  [38;2;146;131;116m14m      [39m  [38;2;146;131;116m  1/1 ██████[39m               [38;2;189;174;147m│
│[39m                                                                                                                          [38;2;189;174;147m│
│[39m                                                                                                                          [38;2;189;174;147m│
│[39m                                                                                                                          [38;2;189;174;147m│
│[39m                                                                                                                          [38;2;189;174;147m│
│[39m                                                                                                                          [38;2;189;174;147m│
│[39m                                                                                                                          [38;2;189;174;147m│
│[39m                                                                                                                          [38;2;189;174;147m│
│[39m                                                                                                                          [38;2;189;174;147m│
│[39m                                                                                                                          [38;2;189;174;147m│
│[39m                                                                                                                          [38;2;189;174;147m│
│[39m                                                                                                                          [38;2;189;174;147m│
│[39m                                                                                                                          [38;2;189;174;147m│
╰──────────────────────────────────────────────────────────────────────────────────────────────────────────────────────────╯
[38;2;66;123;88mlist[38;2;146;131;116m   [38;2;66;123;88mnamespace: all[39m                                                                           [1m[38;2;66;123;88m:[0m[38;2;146;131;116m command[39m  [1m[38;2;66;123;88m?[0m[38;2;146;131;116m help   14 shown
