[38;2;192;202;245m[48;2;41;46;66m [1m[38;2;122;162;247mmicko 0.6.0 @ 534e53f[0m[38;2;192;202;245m[48;2;41;46;66m   [38;2;86;95;137mserver: [38;2;192;202;245msynthetic demo   [38;2;86;95;137mns: [38;2;192;202;245mall  [39m                                                     [1m[38;2;26;27;38m[48;2;158;206;106m READ ONLY [0m[48;2;41;46;66m
[38;2;65;72;104m[49m╭─[39m [1m[38;2;122;162;247mWorkflows[0m [38;2;65;72;104m─────────────────────────────────────────────────────────────────────────[39m [38;2;86;95;137mlist: 14 workflows in 2 namespaces[39m [38;2;65;72;104m─╮
│[39m [38;2;86;95;137mSearch:[39m (none)  / to filter by namespace/name  [38;2;86;95;137mPhase:[39m All  [38;2;224;175;104m1 awaiting resume[39m  [38;2;86;95;137mSort:[39m phase, newest first                  [38;2;65;72;104m│
│[39m [1m[38;2;86;95;137m  NAMESPACE  NAME[0m                                          [1m[38;2;86;95;137mPHASE[0m              [1m[38;2;86;95;137mAGE  DURATION   PROGRESS      MESSAGE[0m      [38;2;65;72;104m│
│[39m [38;2;192;202;245m[48;2;40;52;87m  demo       demo-release-gate[39m                             [38;2;192;202;245m◐ Suspended        12m  ongoing      2/2 ██████[39m              [49m [38;2;65;72;104m│
│[39m   demo       demo-etl-hourly-1790000000                    [38;2;247;118;142m✗ Failed    [39m  [38;2;86;95;137m    1h5m[39m  [38;2;86;95;137m6m       [39m  [38;2;86;95;137m  2/2 ██████[39m  [38;2;86;95;137mchild 'qual…[39m [38;2;65;72;104m│
│[39m   demo       demo-nightly-report                           [38;2;247;118;142m✗ Failed    [39m  [38;2;86;95;137m      2h[39m  [38;2;86;95;137m4m       [39m  [38;2;86;95;137m  5/6 █████░[39m  [38;2;86;95;137mchild 'tran…[39m [38;2;65;72;104m│
│[39m   demo       demo-oom-backfill                             [38;2;247;118;142m✗ Failed    [39m  [38;2;86;95;137m      5h[39m  [38;2;86;95;137m17m      [39m  [38;2;86;95;137m  1/1 ██████[39m  [38;2;86;95;137mchild 'back…[39m [38;2;65;72;104m│
│[39m   demo       demo-param-check                              [38;2;247;118;142m✗ Error     [39m  [38;2;86;95;137m      6h[39m  [38;2;86;95;137m0s       [39m  [38;2;86;95;137m    -       [39m  [38;2;86;95;137minvalid spe…[39m [38;2;65;72;104m│
│[39m   demo       demo-train-pipeline                           [38;2;125;207;255m● Running   [39m  [38;2;86;95;137m      4m[39m  [38;2;86;95;137mongoing  [39m  [38;2;86;95;137m  3/8 ██░░░░[39m               [38;2;65;72;104m│
│[39m   demo-ml    demo-ml-hparam-sweep                          [38;2;125;207;255m● Running   [39m  [38;2;86;95;137m     18m[39m  [38;2;86;95;137mongoing  [39m  [38;2;86;95;137m  2/4 ███░░░[39m               [38;2;65;72;104m│
│[39m   demo       demo-data-pull                                [38;2;125;207;255m● Running   [39m  [38;2;86;95;137m     40m[39m  [38;2;86;95;137mongoing  [39m  [38;2;86;95;137m  3/5 ███░░░[39m               [38;2;65;72;104m│
│[39m   demo       demo-cleanup                                  [38;2;169;177;214m○ Pending   [39m  [38;2;86;95;137m      1m[39m  [38;2;86;95;137m-        [39m  [38;2;86;95;137m    -       [39m               [38;2;65;72;104m│
│[39m   demo       demo-hello-world                              [38;2;158;206;106m✓ Succeeded [39m  [38;2;86;95;137m     26m[39m  [38;2;86;95;137m4m       [39m  [38;2;86;95;137m  1/1 ██████[39m               [38;2;65;72;104m│
│[39m   demo       demo-etl-hourly-1789996400                    [38;2;158;206;106m✓ Succeeded [39m  [38;2;86;95;137m    2h5m[39m  [38;2;86;95;137m6m       [39m  [38;2;86;95;137m  2/2 ██████[39m               [38;2;65;72;104m│
│[39m   demo       demo-deploy-multi-layer                       [38;2;158;206;106m✓ Succeeded [39m  [38;2;86;95;137m      3h[39m  [38;2;86;95;137m11m      [39m  [38;2;86;95;137m  5/5 ██████[39m               [38;2;65;72;104m│
│[39m   demo       demo-etl-hourly-1789992800                    [38;2;158;206;106m✓ Succeeded [39m  [38;2;86;95;137m    3h5m[39m  [38;2;86;95;137m6m       [39m  [38;2;86;95;137m  2/2 ██████[39m               [38;2;65;72;104m│
│[39m   demo-ml    demo-ml-batch-infer                           [38;2;158;206;106m✓ Succeeded [39m  [38;2;86;95;137m      7h[39m  [38;2;86;95;137m14m      [39m  [38;2;86;95;137m  1/1 ██████[39m               [38;2;65;72;104m│
│[39m                                                                                                                          [38;2;65;72;104m│
│[39m                                                                                                                          [38;2;65;72;104m│
│[39m                                                                                                                          [38;2;65;72;104m│
│[39m                                                                                                                          [38;2;65;72;104m│
│[39m                                                                                                                          [38;2;65;72;104m│
│[39m                                                                                                                          [38;2;65;72;104m│
│[39m                                                                                                                          [38;2;65;72;104m│
│[39m                                                                                                                          [38;2;65;72;104m│
│[39m                                                                                                                          [38;2;65;72;104m│
│[39m                                                                                                                          [38;2;65;72;104m│
│[39m                                                                                                                          [38;2;65;72;104m│
│[39m                                                                                                                          [38;2;65;72;104m│
╰──────────────────────────────────────────────────────────────────────────────────────────────────────────────────────────╯
[38;2;122;162;247mlist[38;2;86;95;137m   [38;2;122;162;247mnamespace: all[39m                                                                           [1m[38;2;122;162;247m:[0m[38;2;86;95;137m command[39m  [1m[38;2;122;162;247m?[0m[38;2;86;95;137m help   14 shown
