[38;2;248;248;242m[48;2;62;61;50m [1m[38;2;253;151;31mmicko 0.6.0 @ 534e53f[0m[38;2;248;248;242m[48;2;62;61;50m   [38;2;117;113;94mserver: [38;2;248;248;242msynthetic demo   [38;2;117;113;94mns: [38;2;248;248;242mall  [39m                                                     [1m[38;2;39;40;34m[48;2;166;226;46m READ ONLY [0m[48;2;62;61;50m
[38;2;73;72;62m[49m╭─[39m [1m[38;2;253;151;31mWorkflows[0m [38;2;73;72;62m─────────────────────────────────────────────────────────────────────────[39m [38;2;117;113;94mlist: 14 workflows in 2 namespaces[39m [38;2;73;72;62m─╮
│[39m [38;2;117;113;94mSearch:[39m (none)  / to filter by namespace/name  [38;2;117;113;94mPhase:[39m All  [38;2;230;219;116m1 awaiting resume[39m  [38;2;117;113;94mSort:[39m phase, newest first                  [38;2;73;72;62m│
│[39m [1m[38;2;117;113;94m  NAMESPACE  NAME[0m                                          [1m[38;2;117;113;94mPHASE[0m              [1m[38;2;117;113;94mAGE  DURATION   PROGRESS      MESSAGE[0m      [38;2;73;72;62m│
│[39m [38;2;248;248;242m[48;2;73;72;62m  demo       demo-release-gate[39m                             [38;2;248;248;242m◐ Suspended        12m  ongoing      2/2 ██████[39m              [49m [38;2;73;72;62m│
│[39m   demo       demo-etl-hourly-1790000000                    [38;2;249;38;114m✗ Failed    [39m  [38;2;117;113;94m    1h5m[39m  [38;2;117;113;94m6m       [39m  [38;2;117;113;94m  2/2 ██████[39m  [38;2;117;113;94mchild 'qual…[39m [38;2;73;72;62m│
│[39m   demo       demo-nightly-report                           [38;2;249;38;114m✗ Failed    [39m  [38;2;117;113;94m      2h[39m  [38;2;117;113;94m4m       [39m  [38;2;117;113;94m  5/6 █████░[39m  [38;2;117;113;94mchild 'tran…[39m [38;2;73;72;62m│
│[39m   demo       demo-oom-backfill                             [38;2;249;38;114m✗ Failed    [39m  [38;2;117;113;94m      5h[39m  [38;2;117;113;94m17m      [39m  [38;2;117;113;94m  1/1 ██████[39m  [38;2;117;113;94mchild 'back…[39m [38;2;73;72;62m│
│[39m   demo       demo-param-check                              [38;2;249;38;114m✗ Error     [39m  [38;2;117;113;94m      6h[39m  [38;2;117;113;94m0s       [39m  [38;2;117;113;94m    -       [39m  [38;2;117;113;94minvalid spe…[39m [38;2;73;72;62m│
│[39m   demo       demo-train-pipeline                           [38;2;102;217;239m● Running   [39m  [38;2;117;113;94m      4m[39m  [38;2;117;113;94mongoing  [39m  [38;2;117;113;94m  3/8 ██░░░░[39m               [38;2;73;72;62m│
│[39m   demo-ml    demo-ml-hparam-sweep                          [38;2;102;217;239m● Running   [39m  [38;2;117;113;94m     18m[39m  [38;2;117;113;94mongoing  [39m  [38;2;117;113;94m  2/4 ███░░░[39m               [38;2;73;72;62m│
│[39m   demo       demo-data-pull                                [38;2;102;217;239m● Running   [39m  [38;2;117;113;94m     40m[39m  [38;2;117;113;94mongoing  [39m  [38;2;117;113;94m  3/5 ███░░░[39m               [38;2;73;72;62m│
│[39m   demo       demo-cleanup                                  [38;2;248;248;242m○ Pending   [39m  [38;2;117;113;94m      1m[39m  [38;2;117;113;94m-        [39m  [38;2;117;113;94m    -       [39m               [38;2;73;72;62m│
│[39m   demo       demo-hello-world                              [38;2;166;226;46m✓ Succeeded [39m  [38;2;117;113;94m     26m[39m  [38;2;117;113;94m4m       [39m  [38;2;117;113;94m  1/1 ██████[39m               [38;2;73;72;62m│
│[39m   demo       demo-etl-hourly-1789996400                    [38;2;166;226;46m✓ Succeeded [39m  [38;2;117;113;94m    2h5m[39m  [38;2;117;113;94m6m       [39m  [38;2;117;113;94m  2/2 ██████[39m               [38;2;73;72;62m│
│[39m   demo       demo-deploy-multi-layer                       [38;2;166;226;46m✓ Succeeded [39m  [38;2;117;113;94m      3h[39m  [38;2;117;113;94m11m      [39m  [38;2;117;113;94m  5/5 ██████[39m               [38;2;73;72;62m│
│[39m   demo       demo-etl-hourly-1789992800                    [38;2;166;226;46m✓ Succeeded [39m  [38;2;117;113;94m    3h5m[39m  [38;2;117;113;94m6m       [39m  [38;2;117;113;94m  2/2 ██████[39m               [38;2;73;72;62m│
│[39m   demo-ml    demo-ml-batch-infer                           [38;2;166;226;46m✓ Succeeded [39m  [38;2;117;113;94m      7h[39m  [38;2;117;113;94m14m      [39m  [38;2;117;113;94m  1/1 ██████[39m               [38;2;73;72;62m│
│[39m                                                                                                                          [38;2;73;72;62m│
│[39m                                                                                                                          [38;2;73;72;62m│
│[39m                                                                                                                          [38;2;73;72;62m│
│[39m                                                                                                                          [38;2;73;72;62m│
│[39m                                                                                                                          [38;2;73;72;62m│
│[39m                                                                                                                          [38;2;73;72;62m│
│[39m                                                                                                                          [38;2;73;72;62m│
│[39m                                                                                                                          [38;2;73;72;62m│
│[39m                                                                                                                          [38;2;73;72;62m│
│[39m                                                                                                                          [38;2;73;72;62m│
│[39m                                                                                                                          [38;2;73;72;62m│
│[39m                                                                                                                          [38;2;73;72;62m│
╰──────────────────────────────────────────────────────────────────────────────────────────────────────────────────────────╯
[38;2;253;151;31mlist[38;2;117;113;94m   [38;2;253;151;31mnamespace: all[39m                                                                           [1m[38;2;253;151;31m:[0m[38;2;117;113;94m command[39m  [1m[38;2;253;151;31m?[0m[38;2;117;113;94m help   14 shown
