[38;2;192;202;245m[48;2;41;46;66m [1m[38;2;122;162;247mmicko 0.6.0 @ 534e53f[0m[38;2;192;202;245m[48;2;41;46;66m   [38;2;86;95;137mserver: [38;2;192;202;245msynthetic demo   [38;2;86;95;137mns: [38;2;192;202;245mdemo[39m                                                      [1m[38;2;26;27;38m[48;2;158;206;106m READ ONLY [0m[48;2;41;46;66m
[38;2;65;72;104m[49m╭─[39m [1m[38;2;122;162;247mCron workflows[0m [38;2;65;72;104m──────────────────────────────────────────────────────────────────────────────────────[39m [38;2;86;95;137m3 cron workflows[39m [38;2;65;72;104m─╮
│[39m Search: (none)  / to filter by name  Sort: next run, suspended last  values shown (v redacts)                            [38;2;65;72;104m│
│[39m [1m[38;2;86;95;137mNAME[0m                               [1m[38;2;86;95;137mSCHEDULE            TZ[0m              [1m[38;2;86;95;137mSUSPENDED   ACTIVE  LAST RUN   NEXT RUN  POLICY[0m   [38;2;65;72;104m│
│[39m [38;2;192;202;245m[48;2;40;52;87mdemo-etl-hourly[39m                    [38;2;192;202;245m6 * * * *[39m                           [38;2;192;202;245m● no[39m             [38;2;192;202;245m0      1h5m     in 54m  Forbid  [39m[49m [38;2;65;72;104m│
│[39m [38;2;247;118;142mdemo-cache-warmer[39m                  [38;2;247;118;142m*/10 7-19 * * 1-7[39m                   [38;2;247;118;142m● no[39m             [38;2;247;118;142m0     never          ?  Replace[39m  [38;2;65;72;104m│
│[39m [38;2;86;95;137mdemo-weekly-compaction[39m             [38;2;86;95;137m0 3 * * sun[39m                         [38;2;86;95;137m◐ yes            0       17d          -  Forbid[39m   [38;2;65;72;104m│
│[39m                                                                                                                          [38;2;65;72;104m│
│[39m                                                                                                                          [38;2;65;72;104m│
│[39m                                                                                                                          [38;2;65;72;104m│
│[39m                                                                                                                          [38;2;65;72;104m│
│[39m                                                                                                                          [38;2;65;72;104m│
│[39m                                                                                                                          [38;2;65;72;104m│
│[39m                                                                                                                          [38;2;65;72;104m│
│[39m                                                                                                                          [38;2;65;72;104m│
│[39m                                                                                                                          [38;2;65;72;104m│
│[39m                                                                                                                          [38;2;65;72;104m│
│[39m                                                                                                                          [38;2;65;72;104m│
│[39m                                                                                                                          [38;2;65;72;104m│
│[39m [38;2;65;72;104m────────────────────────────────────────────────────────────────────────────────────────────────────────────────────────[39m [38;2;65;72;104m│
│[39m [38;2;86;95;137mSchedule   [39m  6 * * * *                                    [38;2;65;72;104m │ [38;2;86;95;137mHistory   [39m  keeps 3 succeeded, 3 failed                     [38;2;65;72;104m│
│[39m [38;2;86;95;137mTimezone   [39m  not set: the controller's local time (UTC    [38;2;65;72;104m │ [38;2;86;95;137mSuspended [39m  no                                              [38;2;65;72;104m│
│[39m [38;2;86;95;137m           [39m  unless it sets TZ)                           [38;2;65;72;104m │ [38;2;86;95;137mPhase     [39m  Active                                          [38;2;65;72;104m│
│[39m [38;2;86;95;137mNext runs  [39m  Mon 2026-09-28 15:06 UTC (in 54m)            [38;2;65;72;104m │ [38;2;86;95;137mLast run  [39m  Mon 2026-09-28 13:06 UTC (1h5m ago)             [38;2;65;72;104m│
│[39m [38;2;86;95;137m           [39m  Mon 2026-09-28 16:06 UTC (in 1h54m)          [38;2;65;72;104m │ [38;2;86;95;137mFinished  [39m  2 succeeded, 1 failed                           [38;2;65;72;104m│
│[39m [38;2;86;95;137m           [39m  Mon 2026-09-28 17:06 UTC (in 2h54m)          [38;2;65;72;104m │ [38;2;86;95;137mActive    [39m  none                                            [38;2;65;72;104m│
│[39m [38;2;86;95;137m           [39m  Mon 2026-09-28 18:06 UTC (in 3h54m)          [38;2;65;72;104m │ [38;2;86;95;137mEntrypoint[39m  etl                                             [38;2;65;72;104m│
│[39m [38;2;86;95;137m           [39m  Mon 2026-09-28 19:06 UTC (in 4h54m)          [38;2;65;72;104m │ [38;2;86;95;137mArguments [39m  source = warehouse                              [38;2;65;72;104m│
│[39m [38;2;86;95;137mConcurrency[39m  Forbid                                       [38;2;65;72;104m │ [38;2;86;95;137m          [39m  window = 1h                                     [38;2;65;72;104m│
│[39m [38;2;86;95;137mDeadline   [39m  a missed run may start up to 120s late       [38;2;65;72;104m │ [38;2;86;95;137m          [39m  api-token = demo-token-not-a-real-secret        [38;2;65;72;104m│
╰──────────────────────────────────────────────────────────────────────────────────────────────────────────────────────────╯
[38;2;122;162;247mcron[38;2;86;95;137m   [1m[38;2;122;162;247menter[0m[38;2;86;95;137m workflows[39m  [1m[38;2;122;162;247mi[0m[38;2;86;95;137m info[39m  [1m[38;2;122;162;247m/[0m[38;2;86;95;137m search[39m  [1m[38;2;122;162;247ms[0m[38;2;86;95;137m sort[39m  [1m[38;2;122;162;247mv[0m[38;2;86;95;137m redact[39m  [1m[38;2;122;162;247mn[0m[38;2;86;95;137m namespace[39m  [1m[38;2;122;162;247m0[0m[38;2;86;95;137m all ns[39m  [1m[38;2;122;162;247mr[0m[38;2;86;95;137m refresh[39m  [1m[38;2;122;162;247mf[0m[38;2;86;95;137m…[39m [1m[38;2;122;162;247m:[0m[38;2;86;95;137m command[39m  [1m[38;2;122;162;247m?[0m[38;2;86;95;137m help   3 shown
