[38;2;60;56;54m[48;2;235;219;178m [1m[38;2;66;123;88mmicko 0.6.0 @ 534e53f[0m[38;2;60;56;54m[48;2;235;219;178m   [38;2;146;131;116mserver: [38;2;60;56;54msynthetic demo   [38;2;146;131;116mns: [38;2;60;56;54mdemo[39m                                                      [1m[38;2;251;241;199m[48;2;121;116;14m READ ONLY [0m[48;2;235;219;178m
[38;2;189;174;147m[49m╭─[39m [1m[38;2;66;123;88mCron workflows[0m [38;2;189;174;147m──────────────────────────────────────────────────────────────────────────────────────[39m [38;2;146;131;116m3 cron workflows[39m [38;2;189;174;147m─╮
│[39m Search: (none)  / to filter by name  Sort: next run, suspended last                                                      [38;2;189;174;147m│
│[39m [1m[38;2;146;131;116mNAME[0m                               [1m[38;2;146;131;116mSCHEDULE            TZ[0m              [1m[38;2;146;131;116mSUSPENDED   ACTIVE  LAST RUN   NEXT RUN  POLICY[0m   [38;2;189;174;147m│
│[39m [38;2;60;56;54m[48;2;213;196;161mdemo-etl-hourly[39m                    [38;2;60;56;54m15 * * * *[39m                          [38;2;60;56;54m● no[39m             [38;2;60;56;54m0      1h5m     in 54m  Forbid  [39m[49m [38;2;189;174;147m│
│[39m [38;2;157;0;6mdemo-cache-warmer[39m                  [38;2;157;0;6m*/10 7-19 * * 1-7[39m                   [38;2;157;0;6m● no[39m             [38;2;157;0;6m0     never          ?  Replace[39m  [38;2;189;174;147m│
│[39m [38;2;146;131;116mdemo-weekly-compaction[39m             [38;2;146;131;116m0 3 * * sun[39m                         [38;2;146;131;116m◐ yes            0       17d          -  Forbid[39m   [38;2;189;174;147m│
│[39m                                                                                                                          [38;2;189;174;147m│
│[39m                                                                                                                          [38;2;189;174;147m│
│[39m                                                                                                                          [38;2;189;174;147m│
│[39m                                                                                                                          [38;2;189;174;147m│
│[39m                                                                                                                          [38;2;189;174;147m│
│[39m                                                                                                                          [38;2;189;174;147m│
│[39m                                                                                                                          [38;2;189;174;147m│
│[39m                                                                                                                          [38;2;189;174;147m│
│[39m                                                                                                                          [38;2;189;174;147m│
│[39m                                                                                                                          [38;2;189;174;147m│
│[39m                                                                                                                          [38;2;189;174;147m│
│[39m                                                                                                                          [38;2;189;174;147m│
│[39m                                                                                                                          [38;2;189;174;147m│
│[39m                                                                                                                          [38;2;189;174;147m│
│[39m                                                                                                                          [38;2;189;174;147m│
│[39m                                                                                                                          [38;2;189;174;147m│
│[39m                                                                                                                          [38;2;189;174;147m│
│[39m                                                                                                                          [38;2;189;174;147m│
│[39m                                                                                                                          [38;2;189;174;147m│
│[39m                                                                                                                          [38;2;189;174;147m│
│[39m                                                                                                                          [38;2;189;174;147m│
│[39m                                                                                                                          [38;2;189;174;147m│
│[39m                                                                                                                          [38;2;189;174;147m│
╰──────────────────────────────────────────────────────────────────────────────────────────────────────────────────────────╯
[38;2;66;123;88mcron[38;2;146;131;116m   [38;2;66;123;88mcron workflows[39m                                                                            [1m[38;2;66;123;88m:[0m[38;2;146;131;116m command[39m  [1m[38;2;66;123;88m?[0m[38;2;146;131;116m help   3 shown
