[38;2;60;56;54m[48;2;235;219;178m [1m[38;2;66;123;88mmicko 0.6.0 @ 534e53f[0m[38;2;60;56;54m[48;2;235;219;178m   [38;2;146;131;116mserver: [38;2;60;56;54msynthetic demo   [38;2;146;131;116mns: [38;2;60;56;54mdemo[39m                                                      [1m[38;2;251;241;199m[48;2;121;116;14m READ ONLY [0m[48;2;235;219;178m
[38;2;189;174;147m[49m╭─[39m [1m[38;2;66;123;88mCron workflows[0m [38;2;189;174;147m──────────────────────────────────────────────────────────────────────────────────────[39m [38;2;146;131;116m3 cron workflows[39m [38;2;189;174;147m─╮
│[39m Search: (none)  / to filter by name  Sort: next run, suspended last  values shown (v redacts)                            [38;2;189;174;147m│
│[39m [1m[38;2;146;131;116mNAME[0m                               [1m[38;2;146;131;116mSCHEDULE            TZ[0m              [1m[38;2;146;131;116mSUSPENDED   ACTIVE  LAST RUN   NEXT RUN  POLICY[0m   [38;2;189;174;147m│
│[39m [38;2;60;56;54m[48;2;213;196;161mdemo-etl-hourly[39m                    [38;2;60;56;54m15 * * * *[39m                          [38;2;60;56;54m● no[39m             [38;2;60;56;54m0      1h5m     in 54m  Forbid  [39m[49m [38;2;189;174;147m│
│[39m [38;2;157;0;6mdemo-cache-warmer[39m                  [38;2;157;0;6m*/10 7-19 * * 1-7[39m                   [38;2;157;0;6m● no[39m             [38;2;157;0;6m0     never          ?  Replace[39m  [38;2;189;174;147m│
│[39m [38;2;146;131;116mdemo-weekly-compaction[39m             [38;2;146;131;116m0 3 * * sun[39m                         [38;2;146;131;116m◐ yes            0       17d          -  Forbid[39m   [38;2;189;174;147m│
│[39m                                                                                                                          [38;2;189;174;147m│
│[39m                                                                                                                          [38;2;189;174;147m│
│[39m                                                                                                                          [38;2;189;174;147m│
│[39m                                                                                                                          [38;2;189;174;147m│
│[39m                                                                                                                          [38;2;189;174;147m│
│[39m                                                                                                                          [38;2;189;174;147m│
│[39m                                                                                                                          [38;2;189;174;147m│
│[39m                                                                                                                          [38;2;189;174;147m│
│[39m                                                                                                                          [38;2;189;174;147m│
│[39m                                                                                                                          [38;2;189;174;147m│
│[39m                                                                                                                          [38;2;189;174;147m│
│[39m                                                                                                                          [38;2;189;174;147m│
│[39m [38;2;189;174;147m────────────────────────────────────────────────────────────────────────────────────────────────────────────────────────[39m [38;2;189;174;147m│
│[39m [38;2;146;131;116mSchedule   [39m  15 * * * *                                   [38;2;189;174;147m │ [38;2;146;131;116mHistory   [39m  keeps 3 succeeded, 3 failed                     [38;2;189;174;147m│
│[39m [38;2;146;131;116mTimezone   [39m  not set: the controller's local time (UTC    [38;2;189;174;147m │ [38;2;146;131;116mSuspended [39m  no                                              [38;2;189;174;147m│
│[39m [38;2;146;131;116m           [39m  unless it sets TZ)                           [38;2;189;174;147m │ [38;2;146;131;116mPhase     [39m  Active                                          [38;2;189;174;147m│
│[39m [38;2;146;131;116mNext runs  [39m  Mon 2026-09-28 17:15 UTC (in 54m)            [38;2;189;174;147m │ [38;2;146;131;116mLast run  [39m  Mon 2026-09-28 15:15 UTC (1h5m ago)             [38;2;189;174;147m│
│[39m [38;2;146;131;116m           [39m  Mon 2026-09-28 18:15 UTC (in 1h54m)          [38;2;189;174;147m │ [38;2;146;131;116mFinished  [39m  2 succeeded, 1 failed                           [38;2;189;174;147m│
│[39m [38;2;146;131;116m           [39m  Mon 2026-09-28 19:15 UTC (in 2h54m)          [38;2;189;174;147m │ [38;2;146;131;116mActive    [39m  none                                            [38;2;189;174;147m│
│[39m [38;2;146;131;116m           [39m  Mon 2026-09-28 20:15 UTC (in 3h54m)          [38;2;189;174;147m │ [38;2;146;131;116mEntrypoint[39m  etl                                             [38;2;189;174;147m│
│[39m [38;2;146;131;116m           [39m  Mon 2026-09-28 21:15 UTC (in 4h54m)          [38;2;189;174;147m │ [38;2;146;131;116mArguments [39m  source = warehouse                              [38;2;189;174;147m│
│[39m [38;2;146;131;116mConcurrency[39m  Forbid                                       [38;2;189;174;147m │ [38;2;146;131;116m          [39m  window = 1h                                     [38;2;189;174;147m│
│[39m [38;2;146;131;116mDeadline   [39m  a missed run may start up to 120s late       [38;2;189;174;147m │ [38;2;146;131;116m          [39m  api-token = demo-token-not-a-real-secret        [38;2;189;174;147m│
╰──────────────────────────────────────────────────────────────────────────────────────────────────────────────────────────╯
[38;2;66;123;88mcron[38;2;146;131;116m   [1m[38;2;66;123;88menter[0m[38;2;146;131;116m workflows[39m  [1m[38;2;66;123;88mi[0m[38;2;146;131;116m info[39m  [1m[38;2;66;123;88m/[0m[38;2;146;131;116m search[39m  [1m[38;2;66;123;88ms[0m[38;2;146;131;116m sort[39m  [1m[38;2;66;123;88mv[0m[38;2;146;131;116m redact[39m  [1m[38;2;66;123;88mn[0m[38;2;146;131;116m namespace[39m  [1m[38;2;66;123;88m0[0m[38;2;146;131;116m all ns[39m  [1m[38;2;66;123;88mr[0m[38;2;146;131;116m refresh[39m  [1m[38;2;66;123;88mf[0m[38;2;146;131;116m…[39m [1m[38;2;66;123;88m:[0m[38;2;146;131;116m command[39m  [1m[38;2;66;123;88m?[0m[38;2;146;131;116m help   3 shown
