[38;2;192;202;245m[48;2;41;46;66m [1m[38;2;122;162;247mmicko 0.6.0 @ 534e53f[0m[38;2;192;202;245m[48;2;41;46;66m   [38;2;86;95;137mserver: [38;2;192;202;245msynthetic demo   [38;2;86;95;137mns: [38;2;192;202;245mdemo[39m                                                      [1m[38;2;26;27;38m[48;2;158;206;106m READ ONLY [0m[48;2;41;46;66m
[38;2;65;72;104m[49m╭─[39m [1m[38;2;122;162;247mCron workflows[0m [38;2;65;72;104m──────────────────────────────────────────────────────────────────────────────────────[39m [38;2;86;95;137m3 cron workflows[39m [38;2;65;72;104m─╮
│[39m Search: (none)  / to filter by name  Sort: next run, suspended last                                                      [38;2;65;72;104m│
│[39m [1m[38;2;86;95;137mNAME[0m                               [1m[38;2;86;95;137mSCHEDULE            TZ[0m              [1m[38;2;86;95;137mSUSPENDED   ACTIVE  LAST RUN   NEXT RUN  POLICY[0m   [38;2;65;72;104m│
│[39m [38;2;192;202;245m[48;2;40;52;87mdemo-etl-hourly[39m                    [38;2;192;202;245m6 * * * *[39m                           [38;2;192;202;245m● no[39m             [38;2;192;202;245m0      1h5m     in 54m  Forbid  [39m[49m [38;2;65;72;104m│
│[39m [38;2;247;118;142mdemo-cache-warmer[39m                  [38;2;247;118;142m*/10 7-19 * * 1-7[39m                   [38;2;247;118;142m● no[39m             [38;2;247;118;142m0     never          ?  Replace[39m  [38;2;65;72;104m│
│[39m [38;2;86;95;137mdemo-weekly-compaction[39m             [38;2;86;95;137m0 3 * * sun[39m                         [38;2;86;95;137m◐ yes            0       17d          -  Forbid[39m   [38;2;65;72;104m│
│[39m                                                                                                                          [38;2;65;72;104m│
│[39m                                                                                                                          [38;2;65;72;104m│
│[39m                                                                                                                          [38;2;65;72;104m│
│[39m                                                                                                                          [38;2;65;72;104m│
│[39m                                                                                                                          [38;2;65;72;104m│
│[39m                                                                                                                          [38;2;65;72;104m│
│[39m                                                                                                                          [38;2;65;72;104m│
│[39m                                                                                                                          [38;2;65;72;104m│
│[39m                                                                                                                          [38;2;65;72;104m│
│[39m                                                                                                                          [38;2;65;72;104m│
│[39m                                                                                                                          [38;2;65;72;104m│
│[39m                                                                                                                          [38;2;65;72;104m│
│[39m                                                                                                                          [38;2;65;72;104m│
│[39m                                                                                                                          [38;2;65;72;104m│
│[39m                                                                                                                          [38;2;65;72;104m│
│[39m                                                                                                                          [38;2;65;72;104m│
│[39m                                                                                                                          [38;2;65;72;104m│
│[39m                                                                                                                          [38;2;65;72;104m│
│[39m                                                                                                                          [38;2;65;72;104m│
│[39m                                                                                                                          [38;2;65;72;104m│
│[39m                                                                                                                          [38;2;65;72;104m│
│[39m                                                                                                                          [38;2;65;72;104m│
│[39m                                                                                                                          [38;2;65;72;104m│
╰──────────────────────────────────────────────────────────────────────────────────────────────────────────────────────────╯
[38;2;122;162;247mcron[38;2;86;95;137m   [38;2;122;162;247mcron workflows[39m                                                                            [1m[38;2;122;162;247m:[0m[38;2;86;95;137m command[39m  [1m[38;2;122;162;247m?[0m[38;2;86;95;137m help   3 shown
