[38;2;192;202;245m[48;2;41;46;66m [1m[38;2;122;162;247mmicko 0.6.0 @ 534e53f[0m[38;2;192;202;245m[48;2;41;46;66m   [38;2;86;95;137mserver: [38;2;192;202;245msynthetic demo   [38;2;86;95;137mns: [38;2;192;202;245mdemo[39m                                                      [1m[38;2;26;27;38m[48;2;158;206;106m READ ONLY [0m[48;2;41;46;66m
[38;2;65;72;104m[49m╭─[39m [1m[38;2;122;162;247mDetail demo-etl-hourly-1790000000[0m [38;2;65;72;104m───────────────────────────────────[39m [38;2;86;95;137mworkflow demo-etl-hourly-1790000000 phase=Failed[39m [38;2;65;72;104m─╮
│[39m [38;2;86;95;137m Summary [39m [38;2;86;95;137m Nodes [39m [38;2;86;95;137m Timeline [39m [1;4m[38;2;122;162;247m[Explain][0m [38;2;86;95;137m Events [39m [38;2;86;95;137m Resource [39m                                                               [38;2;65;72;104m│
│[39m [38;2;86;95;137mexplain · 1 error[39m                                                                                                        [38;2;65;72;104m│
│[39m [1m[38;2;247;118;142m✗ ERROR[0m  [1m[38;2;122;162;247mquality-check failed: exit code 2[0m                                                                               [38;2;65;72;104m│
│[39m [1m[38;2;247;118;142m│ [0m[38;2;86;95;137mnode      [38;2;192;202;245mquality-check · Pod · template quality-check[39m                                                                 [38;2;65;72;104m│
│[39m [1m[38;2;247;118;142m│ [0m[38;2;86;95;137mpath      [38;2;192;202;245mdemo-etl-hourly-1790000000 › quality-check[39m                                                                   [38;2;65;72;104m│
│[39m [1m[38;2;247;118;142m│ [0m[38;2;86;95;137mwhen      [38;2;192;202;245mfailed 6m05s into the run, after running 2m00s[39m                                                               [38;2;65;72;104m│
│[39m [1m[38;2;247;118;142m│ [0m[38;2;86;95;137mexit code [38;2;192;202;245m2: a usage error or a failed check (many CLIs and test tools exit 2 for either)[39m                              [38;2;65;72;104m│
│[39m [1m[38;2;247;118;142m│ [0m[38;2;86;95;137mmessage   [38;2;192;202;245mError (exit code 2)[39m                                                                                          [38;2;65;72;104m│
│[39m [1m[38;2;247;118;142m│ [0m[38;2;86;95;137mpod       [38;2;192;202;245mdemo-etl-hourly-1790000000-quality-check-430028541 on demo-worker-2[39m                                          [38;2;65;72;104m│
│[39m [1m[38;2;247;118;142m│ [0m[38;2;86;95;137mlog       [38;2;192;202;245mpicked from the last 3 lines of quality-check's log (container main)[39m                                         [38;2;65;72;104m│
│[39m [1m[38;2;247;118;142m│ [0m          [38;2;86;95;137m  1  [38;2;192;202;245m2026-09-28T13:10:25Z checking 6 expectations[39m                                                            [38;2;65;72;104m│
│[39m [1m[38;2;247;118;142m│ [0m          [1m[38;2;247;118;142m> [0m[38;2;86;95;137m2  [38;2;192;202;245m2026-09-28T13:10:28Z FAIL expect_row_count_between(1e5, 5e5): got 41210[39m                                 [38;2;65;72;104m│
│[39m [1m[38;2;247;118;142m│ [0m          [1m[38;2;247;118;142m> [0m[38;2;86;95;137m3  [38;2;192;202;245m2026-09-28T13:10:31Z 1 of 6 expectations failed[39m                                                         [38;2;65;72;104m│
│[39m [1m[38;2;247;118;142m│ [0m[38;2;122;162;247mnext      [38;2;192;202;245mCheck the command's arguments and inputs, and the log for the check that failed. Then retry the workflow (a,[39m [38;2;65;72;104m│
│[39m [1m[38;2;247;118;142m│ [0m[38;2;122;162;247m          [38;2;192;202;245mr) to rerun only what failed.[39m                                                                                [38;2;65;72;104m│
│[39m                                                                                                                          [38;2;65;72;104m│
│[39m                                                                                                                          [38;2;65;72;104m│
│[39m                                                                                                                          [38;2;65;72;104m│
│[39m                                                                                                                          [38;2;65;72;104m│
│[39m                                                                                                                          [38;2;65;72;104m│
│[39m                                                                                                                          [38;2;65;72;104m│
│[39m                                                                                                                          [38;2;65;72;104m│
│[39m                                                                                                                          [38;2;65;72;104m│
│[39m                                                                                                                          [38;2;65;72;104m│
│[39m                                                                                                                          [38;2;65;72;104m│
│[39m                                                                                                                          [38;2;65;72;104m│
│[39m                                                                                                                          [38;2;65;72;104m│
│[39m                                                                                                                          [38;2;65;72;104m│
╰──────────────────────────────────────────────────────────────────────────────────────────────────────────────────────────╯
[38;2;122;162;247mdetail[38;2;86;95;137m   [1m[38;2;122;162;247mtab[0m[38;2;86;95;137m section[39m  [1m[38;2;122;162;247m1-9[0m[38;2;86;95;137m jump[39m  [1m[38;2;122;162;247mj/k[0m[38;2;86;95;137m scroll[39m  [1m[38;2;122;162;247my[0m[38;2;86;95;137m copy report[39m  [1m[38;2;122;162;247ml[0m[38;2;86;95;137m failing log[39m  [1m[38;2;122;162;247mv[0m[38;2;86;95;137m reveal[39m  [1m[38;2;122;162;247ma[0m[38;2;86;95;137m actions[39m … [1m[38;2;122;162;247m:[0m[38;2;86;95;137m command[39m  [1m[38;2;122;162;247m?[0m[38;2;86;95;137m help   ✗ Failed
