[38;2;60;56;54m[48;2;235;219;178m [1m[38;2;66;123;88mmicko 0.6.0 @ 534e53f[0m[38;2;60;56;54m[48;2;235;219;178m   [38;2;146;131;116mserver: [38;2;60;56;54msynthetic demo   [38;2;146;131;116mns: [38;2;60;56;54mdemo[39m                                                      [1m[38;2;251;241;199m[48;2;121;116;14m READ ONLY [0m[48;2;235;219;178m
[38;2;189;174;147m[49m╭─[39m [1m[38;2;66;123;88mDetail demo-etl-hourly-1790000000[0m [38;2;189;174;147m───────────────────────────────────[39m [38;2;146;131;116mworkflow demo-etl-hourly-1790000000 phase=Failed[39m [38;2;189;174;147m─╮
│[39m [38;2;146;131;116m Summary [39m [38;2;146;131;116m Nodes [39m [38;2;146;131;116m Timeline [39m [1;4m[38;2;66;123;88m[Explain][0m [38;2;146;131;116m Events [39m [38;2;146;131;116m Resource [39m                                                               [38;2;189;174;147m│
│[39m [38;2;146;131;116mexplain · 1 error[39m                                                                                                        [38;2;189;174;147m│
│[39m [1m[38;2;157;0;6m✗ ERROR[0m  [1m[38;2;66;123;88mquality-check failed: exit code 2[0m                                                                               [38;2;189;174;147m│
│[39m [1m[38;2;157;0;6m│ [0m[38;2;146;131;116mnode      [38;2;60;56;54mquality-check · Pod · template quality-check[39m                                                                 [38;2;189;174;147m│
│[39m [1m[38;2;157;0;6m│ [0m[38;2;146;131;116mpath      [38;2;60;56;54mdemo-etl-hourly-1790000000 › quality-check[39m                                                                   [38;2;189;174;147m│
│[39m [1m[38;2;157;0;6m│ [0m[38;2;146;131;116mwhen      [38;2;60;56;54mfailed 6m05s into the run, after running 2m00s[39m                                                               [38;2;189;174;147m│
│[39m [1m[38;2;157;0;6m│ [0m[38;2;146;131;116mexit code [38;2;60;56;54m2: a usage error or a failed check (many CLIs and test tools exit 2 for either)[39m                              [38;2;189;174;147m│
│[39m [1m[38;2;157;0;6m│ [0m[38;2;146;131;116mmessage   [38;2;60;56;54mError (exit code 2)[39m                                                                                          [38;2;189;174;147m│
│[39m [1m[38;2;157;0;6m│ [0m[38;2;146;131;116mpod       [38;2;60;56;54mdemo-etl-hourly-1790000000-quality-check-430028541 on demo-worker-2[39m                                          [38;2;189;174;147m│
│[39m [1m[38;2;157;0;6m│ [0m[38;2;146;131;116mlog       [38;2;60;56;54mpicked from the last 3 lines of quality-check's log (container main)[39m                                         [38;2;189;174;147m│
│[39m [1m[38;2;157;0;6m│ [0m          [38;2;146;131;116m  1  [38;2;60;56;54m2026-09-28T15:19:26Z checking 6 expectations[39m                                                            [38;2;189;174;147m│
│[39m [1m[38;2;157;0;6m│ [0m          [1m[38;2;157;0;6m> [0m[38;2;146;131;116m2  [38;2;60;56;54m2026-09-28T15:19:29Z FAIL expect_row_count_between(1e5, 5e5): got 41210[39m                                 [38;2;189;174;147m│
│[39m [1m[38;2;157;0;6m│ [0m          [1m[38;2;157;0;6m> [0m[38;2;146;131;116m3  [38;2;60;56;54m2026-09-28T15:19:32Z 1 of 6 expectations failed[39m                                                         [38;2;189;174;147m│
│[39m [1m[38;2;157;0;6m│ [0m[38;2;66;123;88mnext      [38;2;60;56;54mCheck the command's arguments and inputs, and the log for the check that failed. Then retry the workflow (a,[39m [38;2;189;174;147m│
│[39m [1m[38;2;157;0;6m│ [0m[38;2;66;123;88m          [38;2;60;56;54mr) to rerun only what failed.[39m                                                                                [38;2;189;174;147m│
│[39m                                                                                                                          [38;2;189;174;147m│
│[39m                                                                                                                          [38;2;189;174;147m│
│[39m                                                                                                                          [38;2;189;174;147m│
│[39m                                                                                                                          [38;2;189;174;147m│
│[39m                                                                                                                          [38;2;189;174;147m│
│[39m                                                                                                                          [38;2;189;174;147m│
│[39m                                                                                                                          [38;2;189;174;147m│
│[39m                                                                                                                          [38;2;189;174;147m│
│[39m                                                                                                                          [38;2;189;174;147m│
│[39m                                                                                                                          [38;2;189;174;147m│
│[39m                                                                                                                          [38;2;189;174;147m│
│[39m                                                                                                                          [38;2;189;174;147m│
│[39m                                                                                                                          [38;2;189;174;147m│
╰──────────────────────────────────────────────────────────────────────────────────────────────────────────────────────────╯
[38;2;66;123;88mdetail[38;2;146;131;116m   [1m[38;2;66;123;88mtab[0m[38;2;146;131;116m section[39m  [1m[38;2;66;123;88m1-9[0m[38;2;146;131;116m jump[39m  [1m[38;2;66;123;88mj/k[0m[38;2;146;131;116m scroll[39m  [1m[38;2;66;123;88my[0m[38;2;146;131;116m copy report[39m  [1m[38;2;66;123;88ml[0m[38;2;146;131;116m failing log[39m  [1m[38;2;66;123;88mv[0m[38;2;146;131;116m reveal[39m  [1m[38;2;66;123;88ma[0m[38;2;146;131;116m actions[39m … [1m[38;2;66;123;88m:[0m[38;2;146;131;116m command[39m  [1m[38;2;66;123;88m?[0m[38;2;146;131;116m help   ✗ Failed
