[38;2;60;56;54m[48;2;235;219;178m [1m[38;2;66;123;88mmicko 0.6.0 @ 534e53f[0m[38;2;60;56;54m[48;2;235;219;178m   [38;2;146;131;116mserver: [38;2;60;56;54msynthetic demo   [38;2;146;131;116mns: [38;2;60;56;54mdemo[39m                                                      [1m[38;2;251;241;199m[48;2;121;116;14m READ ONLY [0m[48;2;235;219;178m
[38;2;189;174;147m[49m╭─[39m [1m[38;2;66;123;88mWorkflows[0m [38;2;189;174;147m─────────────────────────────────────────────────────────────────────────────────────────[39m [38;2;146;131;116mlist: 12 workflows[39m [38;2;189;174;147m─╮
│[39m [38;2;146;131;116mSearch:[39m phase=[_]  [1m[38;2;157;0;6m✗ phase= needs a value[0m  (enter apply, esc cancel) [within 12 collected]  [38;2;146;131;116mPhase:[39m All  [38;2;181;118;20m1 awaiting resu…[39m [38;2;189;174;147m│
│[39m [1m[38;2;146;131;116m  NAME[0m                                          [1m[38;2;146;131;116mPHASE[0m              [1m[38;2;146;131;116mAGE  DURATION   PROGRESS      MESSAGE[0m                 [38;2;189;174;147m│
│[39m [38;2;146;131;116mno workflows match the current filter (search is local to the collected snapshot)[39m                                        [38;2;189;174;147m│
│[39m                                                                                                                          [38;2;189;174;147m│
│[39m                                                                                                                          [38;2;189;174;147m│
│[39m                                                                                                                          [38;2;189;174;147m│
│[39m                                                                                                                          [38;2;189;174;147m│
│[39m                                                                                                                          [38;2;189;174;147m│
│[39m                                                                                                                          [38;2;189;174;147m│
│[39m                                                                                                                          [38;2;189;174;147m│
│[39m                                                                                                                          [38;2;189;174;147m│
│[39m                                                                                                                          [38;2;189;174;147m│
│[39m                                                                                                                          [38;2;189;174;147m│
│[39m                                                                                                                          [38;2;189;174;147m│
│[39m                                                                                                                          [38;2;189;174;147m│
│[39m                                                                                                                          [38;2;189;174;147m│
│[39m                                                                                                                          [38;2;189;174;147m│
│[39m                                                                                                                          [38;2;189;174;147m│
│[39m                                                                                                                          [38;2;189;174;147m│
│[39m                                                                                                                          [38;2;189;174;147m│
│[39m                                                                                                                          [38;2;189;174;147m│
│[39m                                                                                                                          [38;2;189;174;147m│
│[39m                                                                                                                          [38;2;189;174;147m│
│[39m                                                                                                                          [38;2;189;174;147m│
│[39m                                                                                                                          [38;2;189;174;147m│
│[39m                                                                                                                          [38;2;189;174;147m│
│[39m                                                                                                                          [38;2;189;174;147m│
│[39m                                                                                                                          [38;2;189;174;147m│
╰──────────────────────────────────────────────────────────────────────────────────────────────────────────────────────────╯
[38;2;66;123;88mlist[38;2;146;131;116m   [1m[38;2;66;123;88menter[0m[38;2;146;131;116m open[39m  [1m[38;2;66;123;88ml[0m[38;2;146;131;116m logs[39m  [1m[38;2;66;123;88mT[0m[38;2;146;131;116m timeline[39m  [1m[38;2;66;123;88mX[0m[38;2;146;131;116m explain[39m  [1m[38;2;66;123;88mE[0m[38;2;146;131;116m events[39m  [1m[38;2;66;123;88m/[0m[38;2;146;131;116m search[39m  [1m[38;2;66;123;88ms[0m[38;2;146;131;116m sort[39m  [1m[38;2;66;123;88mp[0m[38;2;146;131;116m phase[39m  [1m[38;2;66;123;88mspace[0m[38;2;146;131;116m ma…[39m [1m[38;2;66;123;88m:[0m[38;2;146;131;116m command[39m  [1m[38;2;66;123;88m?[0m[38;2;146;131;116m help   0 shown
