[38;2;192;202;245m[48;2;41;46;66m [1m[38;2;122;162;247margo-tui 0.5.0 @ 12c81bc[0m[38;2;192;202;245m[48;2;41;46;66m   [38;2;86;95;137mserver: [38;2;192;202;245msynthetic demo   [38;2;86;95;137mns: [38;2;192;202;245mdemo[39m                                                   [1m[38;2;26;27;38m[48;2;158;206;106m READ ONLY [0m[48;2;41;46;66m
[38;2;65;72;104m[49m╭─[39m [1m[38;2;122;162;247mWorkflows[0m [38;2;65;72;104m─────────────────────────────────────────────────────────────────────────────────────────[39m [38;2;86;95;137mlist: 12 workflows[39m [38;2;65;72;104m─╮
│[39m [38;2;86;95;137mSearch:[39m phase=Failed [_]  (enter apply, esc cancel) [within 12 collected]  [38;2;86;95;137mPhase:[39m All  [38;2;224;175;104m1 awaiting resume[39m  [38;2;86;95;137mSort:[39m phase, … [38;2;65;72;104m│
│[39m [1m[38;2;86;95;137m  NAME[0m                                          [1m[38;2;86;95;137mPHASE[0m              [1m[38;2;86;95;137mAGE  DURATION   PROGRESS      MESSAGE[0m                 [38;2;65;72;104m│
│[39m [38;2;192;202;245m[48;2;40;52;87m  demo-etl-hourly-1790000000[39m                    [38;2;192;202;245m✗ Failed          1h5m  6m           2/2 ██████  child 'quality-check' …[39m[49m [38;2;65;72;104m│
│[39m   demo-nightly-report                           [38;2;247;118;142m✗ Failed    [39m  [38;2;86;95;137m      2h[39m  [38;2;86;95;137m4m       [39m  [38;2;86;95;137m  5/6 █████░[39m  [38;2;86;95;137mchild 'transform' fail…[39m [38;2;65;72;104m│
│[39m   demo-oom-backfill                             [38;2;247;118;142m✗ Failed    [39m  [38;2;86;95;137m      5h[39m  [38;2;86;95;137m17m      [39m  [38;2;86;95;137m  1/1 ██████[39m  [38;2;86;95;137mchild 'backfill-2026-q…[39m [38;2;65;72;104m│
│[39m                                                                                                                          [38;2;65;72;104m│
│[39m                                                                                                                          [38;2;65;72;104m│
│[39m                                                                                                                          [38;2;65;72;104m│
│[39m                                                                                                                          [38;2;65;72;104m│
│[39m                                                                                                                          [38;2;65;72;104m│
│[39m                                                                                                                          [38;2;65;72;104m│
│[39m                                                                                                                          [38;2;65;72;104m│
│[39m                                                                                                                          [38;2;65;72;104m│
│[39m                                                                                                                          [38;2;65;72;104m│
│[39m                                                                                                                          [38;2;65;72;104m│
│[39m                                                                                                                          [38;2;65;72;104m│
│[39m                                                                                                                          [38;2;65;72;104m│
│[39m                                                                                                                          [38;2;65;72;104m│
│[39m                                                                                                                          [38;2;65;72;104m│
│[39m                                                                                                                          [38;2;65;72;104m│
│[39m                                                                                                                          [38;2;65;72;104m│
│[39m                                                                                                                          [38;2;65;72;104m│
│[39m                                                                                                                          [38;2;65;72;104m│
│[39m                                                                                                                          [38;2;65;72;104m│
│[39m                                                                                                                          [38;2;65;72;104m│
│[39m                                                                                                                          [38;2;65;72;104m│
│[39m                                                                                                                          [38;2;65;72;104m│
│[39m                                                                                                                          [38;2;65;72;104m│
╰──────────────────────────────────────────────────────────────────────────────────────────────────────────────────────────╯
[38;2;122;162;247mlist[38;2;86;95;137m   [1m[38;2;122;162;247menter[0m[38;2;86;95;137m open[39m  [1m[38;2;122;162;247ml[0m[38;2;86;95;137m logs[39m  [1m[38;2;122;162;247mT[0m[38;2;86;95;137m timeline[39m  [1m[38;2;122;162;247mX[0m[38;2;86;95;137m explain[39m  [1m[38;2;122;162;247mE[0m[38;2;86;95;137m events[39m  [1m[38;2;122;162;247m/[0m[38;2;86;95;137m search[39m  [1m[38;2;122;162;247ms[0m[38;2;86;95;137m sort[39m  [1m[38;2;122;162;247mp[0m[38;2;86;95;137m phase[39m  [1m[38;2;122;162;247mspace[0m[38;2;86;95;137m ma…[39m [1m[38;2;122;162;247m:[0m[38;2;86;95;137m command[39m  [1m[38;2;122;162;247m?[0m[38;2;86;95;137m help   3 shown
