[38;2;192;202;245m[48;2;41;46;66m [1m[38;2;122;162;247margo-tui 0.5.0 @ 12c81bc[0m[38;2;192;202;245m[48;2;41;46;66m   [38;2;86;95;137mserver: [38;2;192;202;245msynthetic demo   [38;2;86;95;137mns: [38;2;192;202;245mdemo[39m                                                   [1m[38;2;26;27;38m[48;2;158;206;106m READ ONLY [0m[48;2;41;46;66m
[38;2;65;72;104m[49m╭─[39m [1m[38;2;122;162;247mDetail demo-release-gate[0m [38;2;65;72;104m────────────────────────────────────────────────────[39m [38;2;86;95;137mworkflow demo-release-gate phase=Running[39m [38;2;65;72;104m─╮
│[39m [38;2;86;95;137m Summary [39m [38;2;86;95;137m Nodes [39m [38;2;86;95;137m Timeline [39m [38;2;86;95;137m Explain [39m [1;4m[38;2;122;162;247m[Events][0m [38;2;86;95;137m Resource [39m                                                               [38;2;65;72;104m│
│[39m [38;2;86;95;137mevents · 9 events · newest first · live[39m                                                                                  [38;2;65;72;104m│
│[39m [1m[38;2;86;95;137mAGE   [0m  [1m[38;2;86;95;137mTYPE     [0m  [1m[38;2;86;95;137mREASON         [0m  [1m[38;2;86;95;137mOBJECT          [0m  [1m[38;2;86;95;137mCOUNT[0m  [1m[38;2;86;95;137mMESSAGE[0m                                                     [38;2;65;72;104m│
│[39m [38;2;86;95;137m8m53s [39m  [38;2;86;95;137m◇ Normal [39m  [38;2;192;202;245mStarted        [39m  [38;2;122;162;247mintegration-test[39m  [38;2;86;95;137m    1[39m  [38;2;192;202;245mStarted container main[39m                                      [38;2;65;72;104m│
│[39m [38;2;86;95;137m8m54s [39m  [38;2;86;95;137m◇ Normal [39m  [38;2;192;202;245mPulled         [39m  [38;2;122;162;247mintegration-test[39m  [38;2;86;95;137m    1[39m  [38;2;192;202;245mContainer image "registry.example/demo/test:1.4.2" already…[39m [38;2;65;72;104m│
│[39m [38;2;86;95;137m8m54s [39m  [38;2;86;95;137m◇ Normal [39m  [38;2;192;202;245mCreated        [39m  [38;2;122;162;247mintegration-test[39m  [38;2;86;95;137m    1[39m  [38;2;192;202;245mCreated container main[39m                                      [38;2;65;72;104m│
│[39m [38;2;86;95;137m8m55s [39m  [38;2;86;95;137m◇ Normal [39m  [38;2;192;202;245mScheduled      [39m  [38;2;122;162;247mintegration-test[39m  [38;2;86;95;137m    1[39m  [38;2;192;202;245mSuccessfully assigned demo/demo-release-gate-test-48041700…[39m [38;2;65;72;104m│
│[39m [38;2;86;95;137m11m56s[39m  [38;2;86;95;137m◇ Normal [39m  [38;2;192;202;245mStarted        [39m  [38;2;122;162;247mbuild           [39m  [38;2;86;95;137m    1[39m  [38;2;192;202;245mStarted container main[39m                                      [38;2;65;72;104m│
│[39m [38;2;86;95;137m11m57s[39m  [38;2;86;95;137m◇ Normal [39m  [38;2;192;202;245mCreated        [39m  [38;2;122;162;247mbuild           [39m  [38;2;86;95;137m    1[39m  [38;2;192;202;245mCreated container main[39m                                      [38;2;65;72;104m│
│[39m [38;2;86;95;137m11m57s[39m  [38;2;86;95;137m◇ Normal [39m  [38;2;192;202;245mPulled         [39m  [38;2;122;162;247mbuild           [39m  [38;2;86;95;137m    1[39m  [38;2;192;202;245mContainer image "registry.example/demo/build:1.4.2" alread…[39m [38;2;65;72;104m│
│[39m [38;2;86;95;137m11m58s[39m  [38;2;86;95;137m◇ Normal [39m  [38;2;192;202;245mScheduled      [39m  [38;2;122;162;247mbuild           [39m  [38;2;86;95;137m    1[39m  [38;2;192;202;245mSuccessfully assigned demo/demo-release-gate-build-1651263…[39m [38;2;65;72;104m│
│[39m [38;2;86;95;137m12m00s[39m  [38;2;86;95;137m◇ Normal [39m  [38;2;192;202;245mWorkflowRunning[39m  [38;2;122;162;247mworkflow        [39m  [38;2;86;95;137m    1[39m  [38;2;192;202;245mWorkflow Running[39m                                            [38;2;65;72;104m│
│[39m                                                                                                                          [38;2;65;72;104m│
│[39m                                                                                                                          [38;2;65;72;104m│
│[39m                                                                                                                          [38;2;65;72;104m│
│[39m                                                                                                                          [38;2;65;72;104m│
│[39m                                                                                                                          [38;2;65;72;104m│
│[39m                                                                                                                          [38;2;65;72;104m│
│[39m                                                                                                                          [38;2;65;72;104m│
│[39m                                                                                                                          [38;2;65;72;104m│
│[39m                                                                                                                          [38;2;65;72;104m│
│[39m                                                                                                                          [38;2;65;72;104m│
│[39m                                                                                                                          [38;2;65;72;104m│
│[39m                                                                                                                          [38;2;65;72;104m│
│[39m                                                                                                                          [38;2;65;72;104m│
│[39m                                                                                                                          [38;2;65;72;104m│
│[39m                                                                                                                          [38;2;65;72;104m│
│[39m                                                                                                                          [38;2;65;72;104m│
╰──────────────────────────────────────────────────────────────────────────────────────────────────────────────────────────╯
[38;2;122;162;247mdetail[38;2;86;95;137m   [1m[38;2;122;162;247mtab[0m[38;2;86;95;137m section[39m  [1m[38;2;122;162;247m1-9[0m[38;2;86;95;137m jump[39m  [1m[38;2;122;162;247mj/k[0m[38;2;86;95;137m scroll[39m  [1m[38;2;122;162;247ms[0m[38;2;86;95;137m warnings first[39m  [1m[38;2;122;162;247m/[0m[38;2;86;95;137m filter[39m  [1m[38;2;122;162;247mesc[0m[38;2;86;95;137m back[39m  [1m[38;2;122;162;247my[0m[38;2;86;95;137m copy[39m  [1m[38;2;122;162;247mf[0m[38;2;86;95;137m r…[39m [1m[38;2;122;162;247m:[0m[38;2;86;95;137m command[39m  [1m[38;2;122;162;247m?[0m[38;2;86;95;137m help   ● Running
