[38;2;192;202;245m[48;2;41;46;66m [1m[38;2;122;162;247margo-tui 0.5.0 @ 12c81bc[0m[38;2;192;202;245m[48;2;41;46;66m   [38;2;86;95;137mserver: [38;2;192;202;245msynthetic demo   [38;2;86;95;137mns: [38;2;192;202;245mdemo[39m                                                   [1m[38;2;26;27;38m[48;2;158;206;106m READ ONLY [0m[48;2;41;46;66m
[38;2;65;72;104m[49m╭─[39m [1m[38;2;122;162;247mWorkflows[0m [38;2;65;72;104m─────────────────────────────────────────────────────────────────────────────────────────[39m [38;2;86;95;137mlist: 12 workflows[39m [38;2;65;72;104m─╮
│[39m [38;2;86;95;137mSearch:[39m (none)  / to filter by name  [38;2;86;95;137mPhase:[39m All  [38;2;224;175;104m1 awaiting resume[39m  [38;2;86;95;137mSort:[39m phase, newest first                            [38;2;65;72;104m│
│[39m [1m[38;2;86;95;137m  NAME[0m                                          [1m[38;2;86;95;137mPHASE[0m              [1m[38;2;86;95;137mAGE  DURATION   PROGRESS      MESSAGE[0m                 [38;2;65;72;104m│
│[39m   demo-release-gate                             [38;2;224;175;104m◐ Suspended [39m  [38;2;86;95;137m     12m[39m  [38;2;86;95;137mongoing  [39m  [38;2;86;95;137m  2/2 ██████[39m                          [38;2;65;72;104m│
│[39m [38;2;192;202;245m[48;2;40;52;87m  demo-etl-hourly-1790000000[39m                    [38;2;192;202;245m✗ Failed          1h5m  6m           2/2 ██████  child 'quality-check' …[39m[49m [38;2;65;72;104m│
│[39m   demo-nightly-report                           [38;2;247;118;142m✗ Failed    [39m  [38;2;86;95;137m      2h[39m  [38;2;86;95;137m4m       [39m  [38;2;86;95;137m  5/6 █████░[39m  [38;2;86;95;137mchild 'transform' fail…[39m [38;2;65;72;104m│
│[39m   demo-oom-backfill                             [38;2;247;118;142m✗ Failed    [39m  [38;2;86;95;137m      5h[39m  [38;2;86;95;137m17m      [39m  [38;2;86;95;137m  1/1 ██████[39m  [38;2;86;95;137mchild 'backfill-2026-q…[39m [38;2;65;72;104m│
│[39m   demo-param-check                              [38;2;247;118;142m✗ Error     [39m  [38;2;86;95;137m      6h[39m  [38;2;86;95;137m0s       [39m  [38;2;86;95;137m    -       [39m  [38;2;86;95;137minvalid spec: template…[39m [38;2;65;72;104m│
│[39m   demo-train-pipeline                           [38;2;125;207;255m● Running   [39m  [38;2;86;95;137m      4m[39m  [38;2;86;95;137mongoing  [39m  [38;2;86;95;137m  3/8 ██░░░░[39m                          [38;2;65;72;104m│
│[39m   demo-data-pull                                [38;2;125;207;255m● Running   [39m  [38;2;86;95;137m     40m[39m  [38;2;86;95;137mongoing  [39m  [38;2;86;95;137m  3/5 ███░░░[39m                          [38;2;65;72;104m│
│[39m   demo-cleanup                                  [38;2;169;177;214m○ Pending   [39m  [38;2;86;95;137m      1m[39m  [38;2;86;95;137m-        [39m  [38;2;86;95;137m    -       [39m                          [38;2;65;72;104m│
│[39m   demo-hello-world                              [38;2;158;206;106m✓ Succeeded [39m  [38;2;86;95;137m     26m[39m  [38;2;86;95;137m4m       [39m  [38;2;86;95;137m  1/1 ██████[39m                          [38;2;65;72;104m│
│[39m   demo-etl-hourly-1789996400                    [38;2;158;206;106m✓ Succeeded [39m  [38;2;86;95;137m    2h5m[39m  [38;2;86;95;137m6m       [39m  [38;2;86;95;137m  2/2 ██████[39m                          [38;2;65;72;104m│
│[39m   demo-deploy-multi-layer                       [38;2;158;206;106m✓ Succeeded [39m  [38;2;86;95;137m      3h[39m  [38;2;86;95;137m11m      [39m  [38;2;86;95;137m  5/5 ██████[39m                          [38;2;65;72;104m│
│[39m   demo-etl-hourly-1789992800                    [38;2;158;206;106m✓ Succeeded [39m  [38;2;86;95;137m    3h5m[39m  [38;2;86;95;137m6m       [39m  [38;2;86;95;137m  2/2 ██████[39m                          [38;2;65;72;104m│
│[39m                                                                                                                          [38;2;65;72;104m│
│[39m                                                                                                                          [38;2;65;72;104m│
│[39m                                                                                                                          [38;2;65;72;104m│
│[39m                                                                                                                          [38;2;65;72;104m│
│[39m                                                                                                                          [38;2;65;72;104m│
│[39m                                                                                                                          [38;2;65;72;104m│
│[39m                                                                                                                          [38;2;65;72;104m│
│[39m                                                                                                                          [38;2;65;72;104m│
│[39m                                                                                                                          [38;2;65;72;104m│
│[39m                                                                                                                          [38;2;65;72;104m│
│[39m                                                                                                                          [38;2;65;72;104m│
│[39m                                                                                                                          [38;2;65;72;104m│
│[39m                                                                                                                          [38;2;65;72;104m│
│[39m                                                                                                                          [38;2;65;72;104m│
╰──────────────────────────────────────────────────────────────────────────────────────────────────────────────────────────╯
[38;2;122;162;247mlist[38;2;86;95;137m   [1m[38;2;122;162;247menter[0m[38;2;86;95;137m open[39m  [1m[38;2;122;162;247ml[0m[38;2;86;95;137m logs[39m  [1m[38;2;122;162;247mT[0m[38;2;86;95;137m timeline[39m  [1m[38;2;122;162;247mX[0m[38;2;86;95;137m explain[39m  [1m[38;2;122;162;247mE[0m[38;2;86;95;137m events[39m  [1m[38;2;122;162;247m/[0m[38;2;86;95;137m search[39m  [1m[38;2;122;162;247ms[0m[38;2;86;95;137m sort[39m  [1m[38;2;122;162;247mp[0m[38;2;86;95;137m phase[39m  [1m[38;2;122;162;247mspace[0m[38;2;86;95;137m m…[39m [1m[38;2;122;162;247m:[0m[38;2;86;95;137m command[39m  [1m[38;2;122;162;247m?[0m[38;2;86;95;137m help   12 shown
