[38;2;60;56;54m[48;2;235;219;178m [1m[38;2;66;123;88mmicko 0.6.0 @ 534e53f[0m[38;2;60;56;54m[48;2;235;219;178m   [38;2;146;131;116mserver: [38;2;60;56;54msynthetic demo   [38;2;146;131;116mns: [38;2;60;56;54mdemo[39m                                                      [1m[38;2;251;241;199m[48;2;121;116;14m READ ONLY [0m[48;2;235;219;178m
[49m                                                                   [38;2;157;0;6m_.-~~~~-._[39m
                                                             [38;2;7;102;120m====[38;2;157;0;6m-'^[38;2;146;131;116mv[38;2;157;0;6m^[38;2;146;131;116mv[38;2;157;0;6m^[38;2;146;131;116mv[38;2;157;0;6m^[38;2;146;131;116mv[38;2;157;0;6m^[38;2;146;131;116mv[39m [38;2;157;0;6m`.[39m
                                                                   [38;2;157;0;6m`-.[38;2;7;102;120m\\\\\[38;2;157;0;6m__[39m [38;2;146;131;116mo[39m [38;2;157;0;6m)[39m
[38;2;189;174;147m╭─[39m [1m[38;2;66;123;88mDetail demo-nightly-report[0m [38;2;189;174;147m──────────────────────────────────────[38;2;146;131;116m/_/[38;2;189;174;147m────[38;2;60;56;54m\v/[38;2;189;174;147m─[39m [38;2;146;131;116mworkflow demo-nightly-report phase=Failed[39m [38;2;189;174;147m─╮
│[39m [38;2;146;131;116m Summary [39m [38;2;146;131;116m Nodes [39m [1;4m[38;2;66;123;88m[Timeline][0m [38;2;146;131;116m Explain [39m [38;2;146;131;116m Events [39m [38;2;146;131;116m Resource [39m                                                               [38;2;189;174;147m│
│[39m [38;2;146;131;116m8 rows · 1/8 · ◆ critical path: the 4 nodes that set the end time[39m                                                        [38;2;189;174;147m│
│[39m [1m[38;2;146;131;116mNAME[0m                         [1m[38;2;146;131;116mDURATION[0m   [38;2;146;131;116m0         30s       1m        1m30s     2m        2m30s     3m             4m00s[39m [38;2;189;174;147m│
│[39m [38;2;60;56;54m[48;2;213;196;161m▾ ✗ demo-nightly-report DAG     4m00s   ├──────────────────────────────────────────────────────────────────────────────┤[39m[49m [38;2;189;174;147m│
│[39m [38;2;189;174;147m├─ [38;2;121;116;14m✓ [38;2;66;123;88mextract[39m                 [38;2;146;131;116m     50s[39m [38;2;66;123;88m◆[39m [38;2;189;174;147m░[38;2;121;116;14m▕████████████████▍[38;2;189;174;147m·····························································[39m [38;2;189;174;147m│
│[39m [38;2;189;174;147m├▾ [38;2;157;0;6m✗ [38;2;146;131;116mtransform[39m [38;2;146;131;116mRetry[39m         [38;2;146;131;116m   2m30s[39m                     [38;2;189;174;147m░░├────────────────────────────────────────────────┤[39m           [38;2;189;174;147m│
│[39m [38;2;189;174;147m│  ├─ [38;2;157;0;6m✗ [38;2;66;123;88mtransform(0)[39m         [38;2;146;131;116m     40s[39m [38;2;66;123;88m◆[39m [38;2;189;174;147m····················[38;2;157;0;6m█████████████▍[38;2;189;174;147m··············································[39m [38;2;189;174;147m│
│[39m [38;2;189;174;147m│  ├─ [38;2;157;0;6m✗ [38;2;66;123;88mtransform(1)[39m         [38;2;146;131;116m     45s[39m [38;2;66;123;88m◆[39m [38;2;189;174;147m·································░░░░[38;2;157;0;6m▐██████████████▍[38;2;189;174;147m···························[39m [38;2;189;174;147m│
│[39m [38;2;189;174;147m│  └─ [38;2;157;0;6m✗ [38;2;66;123;88mtransform(2)[39m         [38;2;146;131;116m     50s[39m [38;2;66;123;88m◆[39m [38;2;189;174;147m····················································░░[38;2;157;0;6m▕████████████████▍[38;2;189;174;147m········[39m [38;2;189;174;147m│
│[39m [38;2;189;174;147m└─ [38;2;146;131;116m⊘ [38;2;60;56;54mload[39m                    [38;2;146;131;116m        [39m   [38;2;189;174;147m················································································[39m [38;2;189;174;147m│
│[39m [38;2;189;174;147m  [38;2;121;116;14m✓ [38;2;60;56;54monExit[39m [38;2;146;131;116mexit handler[39m      [38;2;146;131;116m     20s[39m   [38;2;189;174;147m·······································································[38;2;121;116;14m▕██████▍[38;2;189;174;147m·[39m [38;2;189;174;147m│
│[39m                                                                                                                          [38;2;189;174;147m│
│[39m                                                                                                                          [38;2;189;174;147m│
│[39m                                                                                                                          [38;2;189;174;147m│
│[39m                                                                                                                          [38;2;189;174;147m│
│[39m                                                                                                                          [38;2;189;174;147m│
│[39m                                                                                                                          [38;2;189;174;147m│
│[39m                                                                                                                          [38;2;189;174;147m│
│[39m                                                                                                                          [38;2;189;174;147m│
│[39m                                                                                                                          [38;2;189;174;147m│
│[39m                                                                                                                          [38;2;189;174;147m│
│[39m                                                                                                                          [38;2;189;174;147m│
│[39m                                                                                                                          [38;2;189;174;147m│
│[39m                                                                                                                          [38;2;189;174;147m│
│[39m                                                                                                                          [38;2;189;174;147m│
│[39m                                                                                                                          [38;2;189;174;147m│
│[39m                                                                                                                          [38;2;189;174;147m│
│[39m                                                                                                                          [38;2;189;174;147m│
│[39m                                                                                                                          [38;2;189;174;147m│
│[39m                                                                                                                          [38;2;189;174;147m│
│[39m                                                                                                                          [38;2;189;174;147m│
│[39m                                                                                                                          [38;2;189;174;147m│
│[39m                                                                                                                          [38;2;189;174;147m│
╰──────────────────────────────────────────────────────────────────────────────────────────────────────────────────────────╯
[38;2;66;123;88mdetail[38;2;146;131;116m   [1m[38;2;66;123;88mtab[0m[38;2;146;131;116m section[39m  [1m[38;2;66;123;88m1-9[0m[38;2;146;131;116m jump[39m  [1m[38;2;66;123;88mspace[0m[38;2;146;131;116m fold[39m  [1m[38;2;66;123;88mi[0m[38;2;146;131;116m info[39m  [1m[38;2;66;123;88ml[0m[38;2;146;131;116m logs[39m  [1m[38;2;66;123;88ma[0m[38;2;146;131;116m actions[39m  [1m[38;2;66;123;88mr[0m[38;2;146;131;116m refresh[39m  [1m[38;2;66;123;88mf[0m[38;2;146;131;116m raw[39m  [1m[38;2;66;123;88mesc[0m[38;2;146;131;116m b…[39m [1m[38;2;66;123;88m:[0m[38;2;146;131;116m command[39m  [1m[38;2;66;123;88m?[0m[38;2;146;131;116m help   ✗ Failed
