[38;2;248;248;242m[48;2;62;61;50m [1m[38;2;253;151;31mmicko 0.7.0 @ 4d48294[0m[38;2;248;248;242m[48;2;62;61;50m   [38;2;117;113;94mserver: [38;2;248;248;242msynthetic demo   [38;2;117;113;94mns: [38;2;248;248;242mdemo[39m                                                      [1m[38;2;39;40;34m[48;2;166;226;46m READ ONLY [0m[48;2;62;61;50m
[38;2;73;72;62m[49m╭─[39m [1m[38;2;253;151;31mDetail demo-release-gate[0m [38;2;73;72;62m────────────────────────────────────────────────────[39m [38;2;117;113;94mworkflow demo-release-gate phase=Running[39m [38;2;73;72;62m─╮
│[39m [38;2;117;113;94m Summary [39m [38;2;117;113;94m Nodes [39m [38;2;117;113;94m Timeline [39m [38;2;117;113;94m Explain [39m [1;4m[38;2;253;151;31m[Events][0m [38;2;117;113;94m Resource [39m                                                               [38;2;73;72;62m│
│[39m [38;2;117;113;94mevents · 9 events · newest first · live[39m                                                                                  [38;2;73;72;62m│
│[39m [1m[38;2;117;113;94mAGE   [0m  [1m[38;2;117;113;94mTYPE     [0m  [1m[38;2;117;113;94mREASON         [0m  [1m[38;2;117;113;94mOBJECT          [0m  [1m[38;2;117;113;94mCOUNT[0m  [1m[38;2;117;113;94mMESSAGE[0m                                                     [38;2;73;72;62m│
│[39m [38;2;117;113;94m8m53s [39m  [38;2;117;113;94m◇ Normal [39m  [38;2;248;248;242mStarted        [39m  [38;2;253;151;31mintegration-test[39m  [38;2;117;113;94m    1[39m  [38;2;248;248;242mStarted container main[39m                                      [38;2;73;72;62m│
│[39m [38;2;117;113;94m8m54s [39m  [38;2;117;113;94m◇ Normal [39m  [38;2;248;248;242mPulled         [39m  [38;2;253;151;31mintegration-test[39m  [38;2;117;113;94m    1[39m  [38;2;248;248;242mContainer image "registry.example/demo/test:1.4.2" already…[39m [38;2;73;72;62m│
│[39m [38;2;117;113;94m8m54s [39m  [38;2;117;113;94m◇ Normal [39m  [38;2;248;248;242mCreated        [39m  [38;2;253;151;31mintegration-test[39m  [38;2;117;113;94m    1[39m  [38;2;248;248;242mCreated container main[39m                                      [38;2;73;72;62m│
│[39m [38;2;117;113;94m8m55s [39m  [38;2;117;113;94m◇ Normal [39m  [38;2;248;248;242mScheduled      [39m  [38;2;253;151;31mintegration-test[39m  [38;2;117;113;94m    1[39m  [38;2;248;248;242mSuccessfully assigned demo/demo-release-gate-test-48041700…[39m [38;2;73;72;62m│
│[39m [38;2;117;113;94m11m56s[39m  [38;2;117;113;94m◇ Normal [39m  [38;2;248;248;242mStarted        [39m  [38;2;253;151;31mbuild           [39m  [38;2;117;113;94m    1[39m  [38;2;248;248;242mStarted container main[39m                                      [38;2;73;72;62m│
│[39m [38;2;117;113;94m11m57s[39m  [38;2;117;113;94m◇ Normal [39m  [38;2;248;248;242mCreated        [39m  [38;2;253;151;31mbuild           [39m  [38;2;117;113;94m    1[39m  [38;2;248;248;242mCreated container main[39m                                      [38;2;73;72;62m│
│[39m [38;2;117;113;94m11m57s[39m  [38;2;117;113;94m◇ Normal [39m  [38;2;248;248;242mPulled         [39m  [38;2;253;151;31mbuild           [39m  [38;2;117;113;94m    1[39m  [38;2;248;248;242mContainer image "registry.example/demo/build:1.4.2" alread…[39m [38;2;73;72;62m│
│[39m [38;2;117;113;94m11m58s[39m  [38;2;117;113;94m◇ Normal [39m  [38;2;248;248;242mScheduled      [39m  [38;2;253;151;31mbuild           [39m  [38;2;117;113;94m    1[39m  [38;2;248;248;242mSuccessfully assigned demo/demo-release-gate-build-1651263…[39m [38;2;73;72;62m│
│[39m [38;2;117;113;94m12m00s[39m  [38;2;117;113;94m◇ Normal [39m  [38;2;248;248;242mWorkflowRunning[39m  [38;2;253;151;31mworkflow        [39m  [38;2;117;113;94m    1[39m  [38;2;248;248;242mWorkflow Running[39m                                            [38;2;73;72;62m│
│[39m                                                                                                                          [38;2;73;72;62m│
│[39m                                                                                                                          [38;2;73;72;62m│
│[39m                                                                                                                          [38;2;73;72;62m│
│[39m                                                                                                                          [38;2;73;72;62m│
│[39m                                                                                                                          [38;2;73;72;62m│
│[39m                                                                                                                          [38;2;73;72;62m│
│[39m                                                                                                                          [38;2;73;72;62m│
│[39m                                                                                                                          [38;2;73;72;62m│
│[39m                                                                                                                          [38;2;73;72;62m│
│[39m                                                                                                                          [38;2;73;72;62m│
│[39m                                                                                                                          [38;2;73;72;62m│
│[39m                                                                                                                          [38;2;73;72;62m│
│[39m                                                                                                                          [38;2;73;72;62m│
│[39m                                                                                                                          [38;2;73;72;62m│
│[39m                                                                                                                          [38;2;73;72;62m│
│[39m                                                                                                                          [38;2;73;72;62m│
╰──────────────────────────────────────────────────────────────────────────────────────────────────────────────────────────╯
[38;2;253;151;31mdetail[38;2;117;113;94m   [1m[38;2;253;151;31mtab[0m[38;2;117;113;94m section[39m  [1m[38;2;253;151;31m1-9[0m[38;2;117;113;94m jump[39m  [1m[38;2;253;151;31mj/k[0m[38;2;117;113;94m scroll[39m  [1m[38;2;253;151;31ms[0m[38;2;117;113;94m warnings first[39m  [1m[38;2;253;151;31m/[0m[38;2;117;113;94m filter[39m  [1m[38;2;253;151;31mesc[0m[38;2;117;113;94m back[39m  [1m[38;2;253;151;31my[0m[38;2;117;113;94m copy[39m  [1m[38;2;253;151;31mf[0m[38;2;117;113;94m r…[39m [1m[38;2;253;151;31m:[0m[38;2;117;113;94m command[39m  [1m[38;2;253;151;31m?[0m[38;2;117;113;94m help   ● Running
