[38;2;248;248;242m[48;2;62;61;50m [1m[38;2;253;151;31mmicko 0.7.0 @ 4d48294[0m[38;2;248;248;242m[48;2;62;61;50m   [38;2;117;113;94mserver: [38;2;248;248;242mno profile[39m                                                                     [1m[38;2;39;40;34m[48;2;166;226;46m READ ONLY [0m[48;2;62;61;50m
[38;2;73;72;62m[49m╭─[39m [1m[38;2;253;151;31mProfile[0m [38;2;73;72;62m────────────────────────────────────────────────────────────────────────────────────────────────────────────────╮
│[39m [1m[38;2;253;151;31mchoose a profile[0m                                                                                                         [38;2;73;72;62m│
│[39m filter: _                                                                                                                [38;2;73;72;62m│
│[39m [38;2;248;248;242m[48;2;73;72;62m  dev      http://127.0.0.1:2746     ns=workflows[39m                                                                       [49m [38;2;73;72;62m│
│[39m   prod     https://argo.example.com  ns=pipelines                                                                        [38;2;73;72;62m│
│[39m   staging  https://127.0.0.1:2746    ns=pipelines                                                                        [38;2;73;72;62m│
│[39m                                                                                                                          [38;2;73;72;62m│
│[39m [38;2;117;113;94m/home/user/argo-tui/video/videos/tour/fixtures/config.yaml[39m                                                               [38;2;73;72;62m│
│[39m                                                                                                                          [38;2;73;72;62m│
│[39m                                                                                                                          [38;2;73;72;62m│
│[39m                                                                                                                          [38;2;73;72;62m│
│[39m                                                                                                                          [38;2;73;72;62m│
│[39m                                                                                                                          [38;2;73;72;62m│
│[39m                                                                                                                          [38;2;73;72;62m│
│[39m                                                                                                                          [38;2;73;72;62m│
│[39m                                                                                                                          [38;2;73;72;62m│
│[39m                                                                                                                          [38;2;73;72;62m│
│[39m                                                                                                                          [38;2;73;72;62m│
│[39m                                                                                                                          [38;2;73;72;62m│
│[39m                                                                                                                          [38;2;73;72;62m│
│[39m                                                                                                                          [38;2;73;72;62m│
│[39m                                                                                                                          [38;2;73;72;62m│
│[39m                                                                                                                          [38;2;73;72;62m│
│[39m                                                                                                                          [38;2;73;72;62m│
│[39m                                                                                                                          [38;2;73;72;62m│
│[39m                                                                                                                          [38;2;73;72;62m│
│[39m                                                                                                                          [38;2;73;72;62m│
│[39m                                                                                                                          [38;2;73;72;62m│
│[39m                                                                                                                          [38;2;73;72;62m│
╰──────────────────────────────────────────────────────────────────────────────────────────────────────────────────────────╯
[38;2;253;151;31mprofile[38;2;117;113;94m   [1m[38;2;253;151;31mtype[0m[38;2;117;113;94m to filter[39m  [1m[38;2;253;151;31m↑↓[0m[38;2;117;113;94m move[39m  [1m[38;2;253;151;31menter[0m[38;2;117;113;94m connect[39m  [1m[38;2;253;151;31mesc[0m[38;2;117;113;94m quit[39m
