[38;2;131;148;150m[48;2;7;54;66m [1m[38;2;38;139;210mmicko 0.7.0 @ 4d48294[0m[38;2;131;148;150m[48;2;7;54;66m   [38;2;88;110;117mserver: [38;2;131;148;150msynthetic demo   [38;2;88;110;117mns: [38;2;131;148;150mdemo[39m                                                      [1m[38;2;0;43;54m[48;2;133;153;0m READ ONLY [0m[48;2;7;54;66m
[38;2;88;110;117m[49m╭─[39m [1m[38;2;38;139;210mWorkflows[0m [38;2;88;110;117m─────────────────────────────────────────────────────────────────────────────────────────[39m [38;2;88;110;117mlist: 12 workflows[39m [38;2;88;110;117m─╮
│[39m [38;2;88;110;117mSearch:[39m (none)  / to filter by name  [38;2;88;110;117mPhase:[39m All  [38;2;181;137;0m1 awaiting resume[39m  [38;2;88;110;117mSort:[39m phase, newest first                            [38;2;88;110;117m│
│[39m [1m[38;2;88;110;117m  NAME[0m                                          [1m[38;2;88;110;117mPHASE[0m              [1m[38;2;88;110;117mAGE  DURATION   PROGRESS      MESSAGE[0m                 [38;2;88;110;117m│
│[39m   demo-release-gate                             [38;2;181;137;0m◐ Suspended [39m  [38;2;88;110;117m     12m[39m  [38;2;88;110;117mongoing  [39m  [38;2;88;110;117m  2/2 ██████[39m                          [38;2;88;110;117m│
│[39m   demo-etl-hourly-1790000000                    [38;2;220;50;47m✗ Failed    [39m  [38;2;88;110;117m    1h5m[39m  [38;2;88;110;117m6m       [39m  [38;2;88;110;117m  2/2 ██████[39m  [38;2;88;110;117mchild 'quality-check' …[39m [38;2;88;110;117m│
│[39m [38;2;131;148;150m[48;2;7;54;66m  demo-nightly-report[39m                           [38;2;131;148;150m✗ Failed            2h  4m           5/6 █████░  child 'transform' fail…[39m[49m [38;2;88;110;117m│
│[39m   demo-oom-backfill                             [38;2;220;50;47m✗ Failed    [39m  [38;2;88;110;117m      5h[39m  [38;2;88;110;117m17m      [39m  [38;2;88;110;117m  1/1 ██████[39m  [38;2;88;110;117mchild 'backfill-2026-q…[39m [38;2;88;110;117m│
│[39m   demo-param-check                              [38;2;220;50;47m✗ Error     [39m  [38;2;88;110;117m      6h[39m  [38;2;88;110;117m0s       [39m  [38;2;88;110;117m    -       [39m  [38;2;88;110;117minvalid spec: template…[39m [38;2;88;110;117m│
│[39m   demo-train-pipeline                           [38;2;42;161;152m● Running   [39m  [38;2;88;110;117m      4m[39m  [38;2;88;110;117mongoing  [39m  [38;2;88;110;117m  3/8 ██░░░░[39m                          [38;2;88;110;117m│
│[39m   demo-data-pull                                [38;2;42;161;152m● Running   [39m  [38;2;88;110;117m     40m[39m  [38;2;88;110;117mongoing  [39m  [38;2;88;110;117m  3/5 ███░░░[39m                          [38;2;88;110;117m│
│[39m   demo-cleanup                                  [38;2;147;161;161m○ Pending   [39m  [38;2;88;110;117m      1m[39m  [38;2;88;110;117m-        [39m  [38;2;88;110;117m    -       [39m                          [38;2;88;110;117m│
│[39m   demo-hello-world                              [38;2;133;153;0m✓ Succeeded [39m  [38;2;88;110;117m     26m[39m  [38;2;88;110;117m4m       [39m  [38;2;88;110;117m  1/1 ██████[39m                          [38;2;88;110;117m│
│[39m   demo-etl-hourly-1789996400                    [38;2;133;153;0m✓ Succeeded [39m  [38;2;88;110;117m    2h5m[39m  [38;2;88;110;117m6m       [39m  [38;2;88;110;117m  2/2 ██████[39m                          [38;2;88;110;117m│
│[39m   demo-deploy-multi-layer                       [38;2;133;153;0m✓ Succeeded [39m  [38;2;88;110;117m      3h[39m  [38;2;88;110;117m11m      [39m  [38;2;88;110;117m  5/5 ██████[39m                          [38;2;88;110;117m│
│[39m   demo-etl-hourly-1789992800                    [38;2;133;153;0m✓ Succeeded [39m  [38;2;88;110;117m    3h5m[39m  [38;2;88;110;117m6m       [39m  [38;2;88;110;117m  2/2 ██████[39m                          [38;2;88;110;117m│
│[39m                                                                                                                          [38;2;88;110;117m│
│[39m                                                                                                                          [38;2;88;110;117m│
│[39m                                                                                                                          [38;2;88;110;117m│
│[39m                                                                                                                          [38;2;88;110;117m│
│[39m                                                                                                                          [38;2;88;110;117m│
│[39m                                                                                                                          [38;2;88;110;117m│
│[39m                                                                                                                          [38;2;88;110;117m│
│[39m                                                                                                                          [38;2;88;110;117m│
│[39m                                                                                                                          [38;2;88;110;117m│
│[39m                                                                                                                          [38;2;88;110;117m│
│[39m                                                                                                                          [38;2;88;110;117m│
│[39m                                                                                                                          [38;2;88;110;117m│
│[39m                                                                                                                          [38;2;88;110;117m│
│[39m                                                                                                                          [38;2;88;110;117m│
╰──────────────────────────────────────────────────────────────────────────────────────────────────────────────────────────╯
[38;2;38;139;210mlist[38;2;88;110;117m   [1m[38;2;38;139;210menter[0m[38;2;88;110;117m open[39m  [1m[38;2;38;139;210ml[0m[38;2;88;110;117m logs[39m  [1m[38;2;38;139;210mT[0m[38;2;88;110;117m timeline[39m  [1m[38;2;38;139;210mX[0m[38;2;88;110;117m explain[39m  [1m[38;2;38;139;210mE[0m[38;2;88;110;117m events[39m  [1m[38;2;38;139;210m/[0m[38;2;88;110;117m search[39m  [1m[38;2;38;139;210ms[0m[38;2;88;110;117m sort[39m  [1m[38;2;38;139;210mp[0m[38;2;88;110;117m phase[39m  [1m[38;2;38;139;210mspace[0m[38;2;88;110;117m m…[39m [1m[38;2;38;139;210m:[0m[38;2;88;110;117m command[39m  [1m[38;2;38;139;210m?[0m[38;2;88;110;117m help   12 shown
