DETAIL fixture-dag
 Summary   Nodes  [Timeline]  Explain   Events   Resource 
NAME                   DURATION   0           1m          2m          3m          4m     5m00s
▾ ✗ fixture-dag DAG
├─ ✓ task-a                  0s   =-----------------------------------------------------------
├─ ✗ task-b               1m00s   ------------============------------------------------------
├─ ○ task-c Suspend               ------------------------------------------------------------
└▾ ✗ task-retry Retry
   ├─ ✗ task-retry(0)             ------------------------------------------------------------
   └─ ✗ task-retry(1)             ------------------------------------------------------------
