== demo-nightly-report
 Summary   Nodes   Timeline   Explain  [Events]  Resource 
events · 28 events · 7 warnings · newest first · live
AGE     TYPE       REASON          OBJECT        MESSAGE
1h56m   ▲ Warning  WorkflowFailed  workflow      child 'transform' failed
1h56m   ◇ Normal   Started         onExit        Started container main
1h56m   ◇ Normal   Pulled          onExit        Container image "registry.…
1h56m   ◇ Normal   Created         onExit        Created container main
1h56m   ◇ Normal   Scheduled       onExit        Successfully assigned demo…
1h56m   ▲ Warning  WorkflowNodeF…  workflow      Failed node demo-nightly-r…
1h56m   ▲ Warning  BackOff         transform(2)  Back-off restarting failed…
1h57m   ◇ Normal   Started         transform(2)  Started container main
1h57m   ◇ Normal   Pulled          transform(2)  Container image "registry.…
1h57m   ◇ Normal   Created         transform(2)  Created container main
1h57m   ◇ Normal   Scheduled       transform(2)  Successfully assigned demo…
1h57m   ▲ Warning  WorkflowNodeF…  workflow      Failed node demo-nightly-r…
1h57m   ▲ Warning  BackOff         transform(1)  Back-off restarting failed…
1h58m   ◇ Normal   Started         transform(1)  Started container main
1h58m   ◇ Normal   Pulled          transform(1)  Container image "registry.…
1h58m   ◇ Normal   Created         transform(1)  Created container main
1h58m   ◇ Normal   Scheduled       transform(1)  Successfully assigned demo…
1h58m   ▲ Warning  WorkflowNodeF…  workflow      Failed node demo-nightly-r…
1h58m   ▲ Warning  BackOff         transform(0)  Back-off restarting failed…
1h58m   ◇ Normal   Started         transform(0)  Started container main
1h58m   ◇ Normal   Created         transform(0)  Created container main
1h58m   ◇ Normal   Pulled          transform(0)  Container image "registry.…
1h59m   ◇ Normal   Scheduled       transform(0)  Successfully assigned demo…
1h59m   ◇ Normal   Started         extract       Started container main
1h59m   ◇ Normal   Pulled          extract       Container image "registry.…
1h59m   ◇ Normal   Created         extract       Created container main
1h59m   ◇ Normal   Scheduled       extract       Successfully assigned demo…
2h00m   ◇ Normal   WorkflowRunni…  workflow      Workflow Running
== demo-oom-backfill
 Summary   Nodes   Timeline   Explain  [Events]  Resource 
events · 8 events · 3 warnings · newest first · live
AGE     TYPE       REASON          OBJECT          MESSAGE
4h42m   ▲ Warning  WorkflowNodeF…  workflow        Failed node demo-oom-bac…
4h42m   ▲ Warning  OOMKilling      …kfill-2026-q2  Memory cgroup out of mem…
4h43m   ▲ Warning  WorkflowFailed  workflow        child 'backfill-2026-q2'…
4h59m   ◇ Normal   Started         …kfill-2026-q2  Started container main
4h59m   ◇ Normal   Pulled          …kfill-2026-q2  Container image "registr…
4h59m   ◇ Normal   Created         …kfill-2026-q2  Created container main
4h59m   ◇ Normal   Scheduled       …kfill-2026-q2  Successfully assigned de…
5h00m   ◇ Normal   WorkflowRunni…  workflow        Workflow Running
== demo-train-pipeline
 Summary   Nodes   Timeline   Explain  [Events]  Resource 
events · 25 events · newest first · live
AGE     TYPE       REASON          OBJECT          MESSAGE
2m38s   ◇ Normal   Started         …in-shard(4:4)  Started container main
2m38s   ◇ Normal   Started         …in-shard(3:3)  Started container main
2m38s   ◇ Normal   Started         …in-shard(1:1)  Started container main
2m38s   ◇ Normal   Started         …in-shard(2:2)  Started container main
2m38s   ◇ Normal   Started         …in-shard(0:0)  Started container main
2m39s   ◇ Normal   Pulled          …in-shard(1:1)  Container image "registr…
2m39s   ◇ Normal   Pulled          …in-shard(2:2)  Container image "registr…
2m39s   ◇ Normal   Created         …in-shard(1:1)  Created container main
2m39s   ◇ Normal   Pulled          …in-shard(3:3)  Container image "registr…
2m39s   ◇ Normal   Created         …in-shard(0:0)  Created container main
2m39s   ◇ Normal   Pulled          …in-shard(0:0)  Container image "registr…
2m39s   ◇ Normal   Created         …in-shard(2:2)  Created container main
2m39s   ◇ Normal   Pulled          …in-shard(4:4)  Container image "registr…
2m39s   ◇ Normal   Created         …in-shard(4:4)  Created container main
2m39s   ◇ Normal   Created         …in-shard(3:3)  Created container main
2m40s   ◇ Normal   Scheduled       …in-shard(4:4)  Successfully assigned de…
2m40s   ◇ Normal   Scheduled       …in-shard(0:0)  Successfully assigned de…
2m40s   ◇ Normal   Scheduled       …in-shard(2:2)  Successfully assigned de…
2m40s   ◇ Normal   Scheduled       …in-shard(1:1)  Successfully assigned de…
2m40s   ◇ Normal   Scheduled       …in-shard(3:3)  Successfully assigned de…
3m54s   ◇ Normal   Started         preprocess      Started container main
3m55s   ◇ Normal   Pulled          preprocess      Container image "registr…
3m55s   ◇ Normal   Created         preprocess      Created container main
3m56s   ◇ Normal   Scheduled       preprocess      Successfully assigned de…
4m00s   ◇ Normal   WorkflowRunni…  workflow        Workflow Running
== demo-param-check
 Summary   Nodes   Timeline   Explain  [Events]  Resource 
events · 1 event · 1 warning · newest first · live
AGE     TYPE       REASON          OBJECT    COUNT  MESSAGE
6h00m   ▲ Warning  WorkflowFailed  workflow      1  invalid spec: templates…
== demo-nightly-report, warnings first, /backoff
 Summary   Nodes   Timeline   Explain  [Events]  Resource 
events · 3 events · /backoff · 3 warnings · warnings first · live
AGE     TYPE       REASON   OBJECT        COUNT  MESSAGE
1h56m   ▲ Warning  BackOff  transform(2)      3  Back-off restarting failed…
1h57m   ▲ Warning  BackOff  transform(1)      3  Back-off restarting failed…
1h58m   ▲ Warning  BackOff  transform(0)      3  Back-off restarting failed…
