== demo-nightly-report
 Nodes   Timeline   Explain  [Events]  Resource   Summary 
events · 28 events · 7 warnings · newest first · live
AGE     TYPE       REASON              OBJECT        COUNT  MESSAGE
1h56m   ▲ Warning  WorkflowFailed      workflow          1  child 'transform' failed
1h56m   ◇ Normal   Started             onExit            1  Started container main
1h56m   ◇ Normal   Pulled              onExit            1  Container image "registry.example/demo/notify:1.4.2" already present on mac…
1h56m   ◇ Normal   Created             onExit            1  Created container main
1h56m   ◇ Normal   Scheduled           onExit            1  Successfully assigned demo/demo-nightly-report-notify-523704942 to demo-wor…
1h56m   ▲ Warning  WorkflowNodeFailed  workflow          1  Failed node demo-nightly-report.extract.transform.transform(2): Error (exit…
1h56m   ▲ Warning  BackOff             transform(2)      3  Back-off restarting failed container main in pod demo-nightly-report-transf…
1h57m   ◇ Normal   Started             transform(2)      1  Started container main
1h57m   ◇ Normal   Pulled              transform(2)      1  Container image "registry.example/demo/transform:1.4.2" already present on …
1h57m   ◇ Normal   Created             transform(2)      1  Created container main
1h57m   ◇ Normal   Scheduled           transform(2)      1  Successfully assigned demo/demo-nightly-report-transform-3989421773 to demo…
1h57m   ▲ Warning  WorkflowNodeFailed  workflow          1  Failed node demo-nightly-report.extract.transform.transform(1): Error (exit…
1h57m   ▲ Warning  BackOff             transform(1)      3  Back-off restarting failed container main in pod demo-nightly-report-transf…
1h58m   ◇ Normal   Started             transform(1)      1  Started container main
1h58m   ◇ Normal   Pulled              transform(1)      1  Container image "registry.example/demo/transform:1.4.2" already present on …
1h58m   ◇ Normal   Created             transform(1)      1  Created container main
1h58m   ◇ Normal   Scheduled           transform(1)      1  Successfully assigned demo/demo-nightly-report-transform-3318169918 to demo…
1h58m   ▲ Warning  WorkflowNodeFailed  workflow          1  Failed node demo-nightly-report.extract.transform.transform(0): Error (exit…
1h58m   ▲ Warning  BackOff             transform(0)      3  Back-off restarting failed container main in pod demo-nightly-report-transf…
1h58m   ◇ Normal   Started             transform(0)      1  Started container main
1h58m   ◇ Normal   Created             transform(0)      1  Created container main
1h58m   ◇ Normal   Pulled              transform(0)      1  Container image "registry.example/demo/transform:1.4.2" already present on …
1h59m   ◇ Normal   Scheduled           transform(0)      1  Successfully assigned demo/demo-nightly-report-transform-3787796155 to demo…
1h59m   ◇ Normal   Started             extract           1  Started container main
1h59m   ◇ Normal   Pulled              extract           1  Container image "registry.example/demo/extract:1.4.2" already present on ma…
1h59m   ◇ Normal   Created             extract           1  Created container main
1h59m   ◇ Normal   Scheduled           extract           1  Successfully assigned demo/demo-nightly-report-extract-3295999816 to demo-w…
2h00m   ◇ Normal   WorkflowRunning     workflow          1  Workflow Running
== demo-oom-backfill
 Nodes   Timeline   Explain  [Events]  Resource   Summary 
events · 8 events · 3 warnings · newest first · live
AGE     TYPE       REASON              OBJECT            COUNT  MESSAGE
4h42m   ▲ Warning  WorkflowNodeFailed  workflow              1  Failed node demo-oom-backfill[0].backfill-2026-q2: OOMKilled (exit code…
4h42m   ▲ Warning  OOMKilling          backfill-2026-q2      1  Memory cgroup out of memory: Killed process 4127 (python) total-vm:2621…
4h43m   ▲ Warning  WorkflowFailed      workflow              1  child 'backfill-2026-q2' failed
4h59m   ◇ Normal   Started             backfill-2026-q2      1  Started container main
4h59m   ◇ Normal   Pulled              backfill-2026-q2      1  Container image "registry.example/demo/backfill-quarter:1.4.2" already …
4h59m   ◇ Normal   Created             backfill-2026-q2      1  Created container main
4h59m   ◇ Normal   Scheduled           backfill-2026-q2      1  Successfully assigned demo/demo-oom-backfill-backfill-quarter-277898626…
5h00m   ◇ Normal   WorkflowRunning     workflow              1  Workflow Running
== demo-train-pipeline
 Nodes   Timeline   Explain  [Events]  Resource   Summary 
events · 25 events · newest first · live
AGE     TYPE       REASON           OBJECT            COUNT  MESSAGE
2m38s   ◇ Normal   Started          train-shard(4:4)      1  Started container main
2m38s   ◇ Normal   Started          train-shard(3:3)      1  Started container main
2m38s   ◇ Normal   Started          train-shard(1:1)      1  Started container main
2m38s   ◇ Normal   Started          train-shard(2:2)      1  Started container main
2m38s   ◇ Normal   Started          train-shard(0:0)      1  Started container main
2m39s   ◇ Normal   Pulled           train-shard(1:1)      1  Container image "registry.example/demo/train-shard:1.4.2" already present …
2m39s   ◇ Normal   Pulled           train-shard(2:2)      1  Container image "registry.example/demo/train-shard:1.4.2" already present …
2m39s   ◇ Normal   Created          train-shard(1:1)      1  Created container main
2m39s   ◇ Normal   Pulled           train-shard(3:3)      1  Container image "registry.example/demo/train-shard:1.4.2" already present …
2m39s   ◇ Normal   Created          train-shard(0:0)      1  Created container main
2m39s   ◇ Normal   Pulled           train-shard(0:0)      1  Container image "registry.example/demo/train-shard:1.4.2" already present …
2m39s   ◇ Normal   Created          train-shard(2:2)      1  Created container main
2m39s   ◇ Normal   Pulled           train-shard(4:4)      1  Container image "registry.example/demo/train-shard:1.4.2" already present …
2m39s   ◇ Normal   Created          train-shard(4:4)      1  Created container main
2m39s   ◇ Normal   Created          train-shard(3:3)      1  Created container main
2m40s   ◇ Normal   Scheduled        train-shard(4:4)      1  Successfully assigned demo/demo-train-pipeline-train-shard-2550370944 to d…
2m40s   ◇ Normal   Scheduled        train-shard(0:0)      1  Successfully assigned demo/demo-train-pipeline-train-shard-494430064 to de…
2m40s   ◇ Normal   Scheduled        train-shard(2:2)      1  Successfully assigned demo/demo-train-pipeline-train-shard-2432799424 to d…
2m40s   ◇ Normal   Scheduled        train-shard(1:1)      1  Successfully assigned demo/demo-train-pipeline-train-shard-465590084 to de…
2m40s   ◇ Normal   Scheduled        train-shard(3:3)      1  Successfully assigned demo/demo-train-pipeline-train-shard-1121325340 to d…
3m54s   ◇ Normal   Started          preprocess            1  Started container main
3m55s   ◇ Normal   Pulled           preprocess            1  Container image "registry.example/demo/preprocess:1.4.2" already present o…
3m55s   ◇ Normal   Created          preprocess            1  Created container main
3m56s   ◇ Normal   Scheduled        preprocess            1  Successfully assigned demo/demo-train-pipeline-preprocess-38337574 to demo…
4m00s   ◇ Normal   WorkflowRunning  workflow              1  Workflow Running
== demo-param-check
 Nodes   Timeline   Explain  [Events]  Resource   Summary 
events · 1 event · 1 warning · newest first · live
AGE     TYPE       REASON          OBJECT    COUNT  MESSAGE
6h00m   ▲ Warning  WorkflowFailed  workflow      1  invalid spec: templates.main.steps[0].fetch failed to resolve {{inputs.parameters.b…
== demo-nightly-report, warnings first, /backoff
 Nodes   Timeline   Explain  [Events]  Resource   Summary 
events · 3 events · /backoff · 3 warnings · warnings first · live
AGE     TYPE       REASON   OBJECT        COUNT  MESSAGE
1h56m   ▲ Warning  BackOff  transform(2)      3  Back-off restarting failed container main in pod demo-nightly-report-transform-3989421…
1h57m   ▲ Warning  BackOff  transform(1)      3  Back-off restarting failed container main in pod demo-nightly-report-transform-3318169…
1h58m   ▲ Warning  BackOff  transform(0)      3  Back-off restarting failed container main in pod demo-nightly-report-transform-3787796…
