== demo-nightly-report
 Summary   Nodes   Timeline  [Explain]  Resource 
explain · 1 error · 2 info
✗ ERROR  transform failed all 3 attempts: exit code 1 each time
│ node      transform(2) · Pod · template transform
│ path      demo-nightly-report › transform › transform(2)
│ when      failed 3m34s into the run, after running 50s
│ exit code 1: the program reported a general error
│ message   Error (exit code 1)
│ pod       demo-nightly-report-transform-3989421773 on demo-worker-2
│ inputs    rows=184022
│ attempts  transform(0) failed exit 1 after 40s · transform(1) failed exit 1 after 45s · transform(2) failed exit 1 after 50s
│ log       picked from the last 7 lines of transform(2)'s log (container main)
│             2  2026-09-08T10:02:47Z applying 14 transforms
│           > 3  2026-09-08T10:02:50Z ERROR column 'revenue_eur' has 312 nulls; schema requires non-null
│           > 4  2026-09-08T10:02:53Z Traceback (most recent call last):
│           > 5  2026-09-08T10:02:56Z   File "/app/transform.py", line 88, in <module>
│           > 6  2026-09-08T10:02:59Z SchemaViolation: revenue_eur: expected non-null
│           > 7  2026-09-08T10:03:02Z exit status 1
│ next      Retrying did not help: every attempt failed the same way, so the cause is not transient. Fix the error the program logged.
│           Then retry the workflow (a, r) to rerun only what failed.

◇ INFO  1 node did not run because of the failure: load
│ omitted   load, waits for transform (depends condition not met)
│ next      It runs once the failure is fixed: retrying the workflow (a, r) reruns the failed steps and everything after them.

◇ INFO  The exit handler ran and succeeded
│ node      onExit · Pod · template notify
│ when      ended 3m55s into the run, after running 20s
│ next      Nothing to do: it ran after the workflow failed.
== demo-oom-backfill
 Summary   Nodes   Timeline  [Explain]  Resource 
explain · 1 error
✗ ERROR  backfill-2026-q2 failed: out of memory (OOMKilled, exit code 137)
│ node      backfill-2026-q2 · Pod · template backfill-quarter
│ path      demo-oom-backfill › backfill-2026-q2
│ when      failed 17m02s into the run, after running 17m00s
│ exit code 137: the container used more memory than its limit and the kernel killed it
│ message   OOMKilled (exit code 137)
│ pod       demo-oom-backfill-backfill-quarter-2778986266 on demo-worker-2
│ inputs    quarter=2026-Q2 · memory=2Gi
│ log       picked from the last 10 lines of backfill-2026-q2's log (container main)
│              9  2026-09-08T07:00:26Z WARN heap usage 1.9Gi of 2Gi limit
│           > 10  2026-09-08T07:00:29Z Killed
│ next      Raise the memory limit of template backfill-quarter (resources.limits.memory), or make the step hold less in memory. Then
│           retry the workflow (a, r) to rerun only what failed.
== demo-etl-hourly-1790000000
 Summary   Nodes   Timeline  [Explain]  Resource 
explain · 1 error
✗ ERROR  quality-check failed: exit code 2
│ node      quality-check · Pod · template quality-check
│ path      demo-etl-hourly-1790000000 › quality-check
│ when      failed 6m05s into the run, after running 2m00s
│ exit code 2: a usage error or a failed check (many CLIs and test tools exit 2 for either)
│ message   Error (exit code 2)
│ pod       demo-etl-hourly-1790000000-quality-check-430028541 on demo-worker-2
│ log       picked from the last 3 lines of quality-check's log (container main)
│             1  2026-09-08T10:59:05Z checking 6 expectations
│           > 2  2026-09-08T10:59:08Z FAIL expect_row_count_between(1e5, 5e5): got 41210
│           > 3  2026-09-08T10:59:11Z 1 of 6 expectations failed
│ next      Check the command's arguments and inputs, and the log for the check that failed. Then retry the workflow (a, r) to rerun
│           only what failed.
== demo-param-check
 Summary   Nodes   Timeline  [Explain]  Resource 
explain · 1 error
✗ ERROR  The workflow failed validation before any node ran: {{inputs.parameters.bucket}} did not resolve
│ message    invalid spec: templates.main.steps[0].fetch failed to resolve {{inputs.parameters.bucket}}
│ unresolved {{inputs.parameters.bucket}}
│ next       Supply the parameter at submit time (-p name=value) or give it a default in the template, check the spec with `argo lint`,
│            then submit it again.
== demo-release-gate
 Summary   Nodes   Timeline  [Explain]  Resource 
explain · 2 info
◇ INFO  Waiting for a person at approve-production for 4m50s
│ node     approve-production · Suspend · template approval
│ since    7m10s into the run
│ path     demo-release-gate › approve-production
│ next     Resume it (a, u) when the run may go on, or stop it (a, s). Nothing after the gate runs until then.

◇ INFO  Running for 12m00s
│ progress 2/2 pods done
│ next     Nothing to do yet. The Timeline (T) shows where the time goes.
== demo-train-pipeline
 Summary   Nodes   Timeline  [Explain]  Resource 
explain · 1 info
◇ INFO  Running for 4m00s of an estimated 9m00s
│ running       train-shard(2:2) 2m40s, train-shard(3:3) 2m40s, train-shard(4:4) 2m40s
│ waiting       train-shard(5:5), evaluate
│ past estimate train-shard(2:2) 2m40s of ~2m00s, train-shard(3:3) 2m40s of ~2m00s, train-shard(4:4) 2m40s of ~2m00s
│ progress      3/8 pods done
│ next          Nothing to do yet. The Timeline (T) shows where the time goes.
== demo-cleanup
 Summary   Nodes   Timeline  [Explain]  Resource 
explain · 1 info
◇ INFO  Not started: submitted 1m00s ago and the controller has not run any node
│ submitted 2026-09-08T11:59:00Z
│ phase     Pending
│ next      Check that the workflow controller is running and manages this namespace (its namespace and instanceID settings), and
│           whether a parallelism limit or a semaphore is holding the workflow.
== demo-deploy-multi-layer
 Summary   Nodes   Timeline  [Explain]  Resource 
explain · 1 info
◇ INFO  Succeeded in 11m00s
│ ran  5 pods succeeded, 16 nodes skipped by their conditions
│ next Nothing to do.
