== demo-release-gate
 Summary   Nodes  [Timeline]  Resource 
4 rows · 1/4 · * critical path so far: the 3 nodes that set the pace
NAME                            DURATION   0    2m   4m    6m   8m   10m now
▾ ● demo-release-gate Steps       12m00s   |-------------------------------|
├─ ✓ build                         3m00s * ========------------------------|
├─ ✓ integration-test              4m00s * --------===========-------------|
└─ ◐ approve-production            4m50s * -------------------============>|
== demo-nightly-report
 Summary   Nodes  [Timeline]  Resource 
8 rows · 1/8 · * critical path: the 4 nodes that set the end time
NAME                         DURATION   0        1m       2m       3m  4m00s
▾ ✗ demo-nightly-report DAG     4m00s   |----------------------------------|
├─ ✓ extract                      50s * ========----------------------------
├▾ ✗ transform Retry            2m30s           ~|---------------------|
│  ├─ ✗ transform(0)              40s * ---------======---------------------
│  ├─ ✗ transform(1)              45s * ---------------~========------------
│  └─ ✗ transform(2)              50s * -----------------------~========----
└─ ⊘ load                               ------------------------------------
  ✓ onExit exit handler           20s   --------------------------------===-
== demo-train-pipeline
 Summary   Nodes  [Timeline]  Resource 
9 rows · 1/9 · * critical path so far: the 2 nodes that set the pace
NAME                         DURATION   0       1m       2m       3m     now
▾ ● demo-train-pipeline DAG     4m00s   |----------------------------------|
├─ ✓ preprocess                 1m10s * ===========------------------------|
├─ ✓ train-shard(0:0)           1m35s   -----------===============---------|
├─ ✓ train-shard(1:1)           1m45s   -----------================--------|
├─ ● train-shard(2:2)           2m40s * -----------=======================>|
├─ ● train-shard(3:3)           2m40s   -----------=======================>|
├─ ● train-shard(4:4)           2m40s   -----------=======================>|
├─ ○ train-shard(5:5)                   -----------------------------------|
└─ ○ evaluate                           -----------------------------------|
== demo-data-pull
 Summary   Nodes  [Timeline]  Resource 
6 rows · 1 skipped not drawn · 1/6 · * critical path so far: the 3 nodes th…
NAME                      DURATION   0        10m       20m      30m     now
▾ ● demo-data-pull Steps    40m00s   |-------------------------------------|
├─ ✓ list-sources            8m00s * ========------------------------------|
├─ ✓ incremental-sync       20m00s * -------====================-----------|
├─ ✓ pull(eu)                9m00s   --------------------------=========---|
├─ ● pull(us)               11m49s * --------------------------===========>|
└─ ● pull(apac)             11m49s   --------------------------===========>|
== demo-deploy-multi-layer
 Summary   Nodes  [Timeline]  Resource 
10 rows · 16 skipped not drawn · 1/10 · * critical path: the 2 nodes that s…
NAME                            DURATION   0     2m    4m    6m    8m 11m00s
▾ ✓ demo-deploy-multi-layer       11m00s   |-------------------------------|
├─ ✓ plan                          1m30s * =====----------------------------
├▾ ✓ network DAG                   2m00s       |-----|
│  └─ ✓ apply-eu-west              1m50s   ----======-----------------------
├▾ ✓ database DAG                  2m00s       ~~~~~~~|----|
│  └─ ✓ apply-eu-west              1m50s   -----------======----------------
├▾ ✓ compute DAG                   2m00s       ~~~~~~~~~~~~~|-----|
│  └─ ✓ apply-eu-west              1m50s   -----------------======----------
└▾ ✓ edge DAG                      2m00s       ~~~~~~~~~~~~~~~~~~~|-----|
   └─ ✓ apply-eu-west              1m50s * -----------------------======----
== demo-param-check
 Summary   Nodes  [Timeline]  Resource 
0 rows
(no nodes — the workflow ended before any node ran)
== demo-nightly-report, info on transform(1)
 Summary   Nodes  [Timeline]  Resource 
8 rows · 5/8 · l logs · * critical path: the 4 nodes that set the end time
NAME                         DURATION   0        1m       2m       3m  4m00s
▾ ✗ demo-nightly-report DAG     4m00s   |----------------------------------|
├─ ✓ extract                      50s * ========----------------------------
├▾ ✗ transform Retry            2m30s           ~|---------------------|
│  ├─ ✗ transform(0)              40s * ---------======---------------------
│  ├─ ✗ transform(1)              45s * ---------------~========------------
│  └─ ✗ transform(2)              50s * -----------------------~========----
└─ ⊘ load                               ------------------------------------
  ✓ onExit exit handler           20s   --------------------------------===-
─ NODE transform(1)  values redacted (v reveals) ───────────────────────────
name      transform(1)
full name demo-nightly-report.extract.transform.transform(1)
id        demo-nightly-report-3318169918
type      Pod
template  transform

phase     ✗ Failed
message   Error (exit code 1)
started   2026-09-08 10:01:52 UTC (1h58m ago)
finished  2026-09-08 10:02:37 UTC (1h57m ago)
duration  45s
progress  0/1

pod       demo-nightly-report-transform-3318169918
host      demo-worker-3
exit code 1
cpu       12s × 1 cpu
… 5 more lines
