== demo-release-gate
 Nodes  [Timeline]  Explain   Events   Resource   Summary 
4 rows · 1/4 · * chain ending last so far: 3 nodes
NAME                             DURATION   0      1m      2m     3m      4m     5m      6m      7m     8m      9m     10m     11m   now
▾ ● demo-release-gate Steps        12m00s   |------------------------------------------------------------------------------------------|
├─ ✓ build                          3m00s * =======================--------------------------------------------------------------------|
├─ ✓ integration-test               4m00s * -----------------------===============================-------------------------------------|
└─ ◐ approve-production Suspend     4m50s * ------------------------------------------------------====================================>|
== demo-nightly-report
 Nodes  [Timeline]  Explain   Events   Resource   Summary 
8 rows · 1/8 · * chain ending last: 4 nodes
NAME                         DURATION   0           30s         1m          1m30s       2m          2m30s       3m          3m30s  4m00s
▾ ✗ demo-nightly-report DAG     4m00s   |----------------------------------------------------------------------------------------------|
├─ ✓ extract                      50s * ~~====================--------------------------------------------------------------------------
├▾ ✗ transform Retry            2m30s                         ~~|----------------------------------------------------------|
│  ├─ ✗ transform(0)              40s * ------------------------================--------------------------------------------------------
│  ├─ ✗ transform(1)              45s * ----------------------------------------~~~~===================---------------------------------
│  └─ ✗ transform(2)              50s * ---------------------------------------------------------------~~=====================----------
└─ ⊘ load                               ------------------------------------------------------------------------------------------------
  ✓ onExit exit handler           20s   --------------------------------------------------------------------------------------========--
== demo-train-pipeline
 Nodes  [Timeline]  Explain   Events   Resource   Summary 
9 rows · 1/9 · * chain ending last so far: 2 nodes
NAME                         DURATION   0          30s         1m          1m30s       2m          2m30s       3m          3m30s     now
▾ ● demo-train-pipeline DAG     4m00s   |----------------------------------------------------------------------------------------------|
├─ ✓ preprocess                 1m10s * ~============================------------------------------------------------------------------|
├─ ✓ train-shard(0:0)           1m35s   -----------------------------~~======================================--------------------------|
├─ ✓ train-shard(1:1)           1m45s   -----------------------------~~==========================================----------------------|
├─ ● train-shard(2:2)           2m40s * -----------------------------~~===============================================================>|
├─ ● train-shard(3:3)           2m40s   -----------------------------~~===============================================================>|
├─ ● train-shard(4:4)           2m40s   -----------------------------~~===============================================================>|
├─ ○ train-shard(5:5)                   -----------------------------------------------------------------------------------------------|
└─ ○ evaluate                           -----------------------------------------------------------------------------------------------|
== demo-data-pull
 Nodes  [Timeline]  Explain   Events   Resource   Summary 
6 rows · 1 skipped not drawn · 1/6 · * chain ending last so far: 3 nodes
NAME                      DURATION   0           5m          10m         15m          20m         25m         30m         35m        now
▾ ● demo-data-pull Steps    40m00s   |-------------------------------------------------------------------------------------------------|
├─ ✓ list-sources            8m00s * ====================------------------------------------------------------------------------------|
├─ ✓ incremental-sync       20m00s * -------------------==================================================-----------------------------|
├─ ✓ pull(eu)                9m00s   ---------------------------------------------------------------------======================-------|
├─ ● pull(us)               11m49s * ---------------------------------------------------------------------============================>|
└─ ● pull(apac)             11m49s   ---------------------------------------------------------------------============================>|
== demo-deploy-multi-layer
 Nodes  [Timeline]  Explain   Events   Resource   Summary 
10 rows · 16 skipped not drawn · 1/10 · * chain ending last: 2 nodes
NAME                             DURATION   0       1m      2m       3m      4m      5m       6m      7m      8m       9m         11m00s
▾ ✓ demo-deploy-multi-layer DAG    11m00s   |------------------------------------------------------------------------------------------|
├─ ✓ plan                           1m30s * =============-------------------------------------------------------------------------------
├▾ ✓ network DAG                    2m00s                |---------------|
│  └─ ✓ apply-eu-west               1m50s   -------------================---------------------------------------------------------------
├▾ ✓ database DAG                   2m00s                ~~~~~~~~~~~~~~~~~|----------------|
│  └─ ✓ apply-eu-west               1m50s   -------------------------------===============----------------------------------------------
├▾ ✓ compute DAG                    2m00s                ~~~~~~~~~~~~~~~~~~~~~~~~~~~~~~~~~~~|---------------|
│  └─ ✓ apply-eu-west               1m50s   ------------------------------------------------================----------------------------
└▾ ✓ edge DAG                       2m00s                ~~~~~~~~~~~~~~~~~~~~~~~~~~~~~~~~~~~~~~~~~~~~~~~~~~~~|----------------|
   └─ ✓ apply-eu-west               1m50s * -----------------------------------------------------------------================-----------
== demo-param-check
 Nodes  [Timeline]  Explain   Events   Resource   Summary 
0 rows
(no nodes — the workflow ended before any node ran)
== demo-nightly-report, info on transform(1)
 Nodes  [Timeline]  Explain   Events   Resource   Summary 
8 rows · 5/8 · l logs · * chain ending last: 4 nodes
NAME                         DURATION   0         1m        2m        3m    4m00s │ NODE transform(1)  values shown (v redacts)
▾ ✗ demo-nightly-report DAG     4m00s   |---------------------------------------| │ name      transform(1)
├─ ✓ extract                      50s * =========-------------------------------- │ full name demo-nightly-report.extract.transform.tran
├▾ ✗ transform Retry            2m30s            ~|------------------------|      │           sform(1)
│  ├─ ✗ transform(0)              40s * ----------=======------------------------ │ id        demo-nightly-report-3318169918
│  ├─ ✗ transform(1)              45s * -----------------~~========-------------- │ type      Pod
│  └─ ✗ transform(2)              50s * ---------------------------~=========---- │ template  transform
└─ ⊘ load                               ----------------------------------------- │
  ✓ onExit exit handler           20s   ------------------------------------====- │ phase     ✗ Failed
                                                                                  │ message   Error (exit code 1)
                                                                                  │ started   2026-09-08 10:01:52 UTC (1h58m ago)
                                                                                  │ finished  2026-09-08 10:02:37 UTC (1h57m ago)
                                                                                  │ duration  45s
                                                                                  │ progress  0/1
                                                                                  │
                                                                                  │ pod       demo-nightly-report-transform-3318169918
                                                                                  │ host      demo-worker-3
                                                                                  │ exit code 1
                                                                                  │ cpu       12s × 1 cpu
                                                                                  │ memory    2m16s × 100Mi
                                                                                  │ flags     retried
                                                                                  │
                                                                                  │ inputs    rows = 184022
                                                                                  │           artifact raw-extract
                                                                                  │
                                                                                  │
                                                                                  │
                                                                                  │
